Component: Arm Compiler for Embedded 6.18 Tool: armlink [5e4cc100]

==============================================================================

Section Cross References

    main.o(.text.PWM_init) refers to sysctl.o(i.SysCtlClockSet) for SysCtlClockSet
    main.o(.text.PWM_init) refers to sysctl.o(i.SysCtlPWMClockSet) for SysCtlPWMClockSet
    main.o(.text.PWM_init) refers to sysctl.o(i.SysCtlPeripheralEnable) for SysCtlPeripheralEnable
    main.o(.text.PWM_init) refers to gpio.o(i.GPIOPinTypePWM) for GPIOPinTypePWM
    main.o(.text.PWM_init) refers to gpio.o(i.GPIOPinConfigure) for GPIOPinConfigure
    main.o(.text.PWM_init) refers to pwm.o(i.PWMGenConfigure) for PWMGenConfigure
    main.o(.text.PWM_init) refers to pwm.o(i.PWMGenPeriodSet) for PWMGenPeriodSet
    main.o(.text.PWM_init) refers to pwm.o(i.PWMOutputState) for PWMOutputState
    main.o(.text.PWM_init) refers to pwm.o(i.PWMGenEnable) for PWMGenEnable
    main.o(.ARM.exidx.text.PWM_init) refers to main.o(.text.PWM_init) for [Anonymous Symbol]
    main.o(.text.ADC_init) refers to sysctl.o(i.SysCtlPeripheralEnable) for SysCtlPeripheralEnable
    main.o(.text.ADC_init) refers to gpio.o(i.GPIOPinTypeADC) for GPIOPinTypeADC
    main.o(.text.ADC_init) refers to adc.o(i.ADCSequenceConfigure) for ADCSequenceConfigure
    main.o(.text.ADC_init) refers to adc.o(i.ADCSequenceStepConfigure) for ADCSequenceStepConfigure
    main.o(.text.ADC_init) refers to adc.o(i.ADCSequenceEnable) for ADCSequenceEnable
    main.o(.text.ADC_init) refers to adc.o(i.ADCIntClear) for ADCIntClear
    main.o(.ARM.exidx.text.ADC_init) refers to main.o(.text.ADC_init) for [Anonymous Symbol]
    main.o(.text.Reading_E_W) refers to main.o(.bss.yBinarySemaphore) for yBinarySemaphore
    main.o(.text.Reading_E_W) refers to queue.o(.text.xQueueSemaphoreTake) for xQueueSemaphoreTake
    main.o(.text.Reading_E_W) refers to adc.o(i.ADCProcessorTrigger) for ADCProcessorTrigger
    main.o(.text.Reading_E_W) refers to adc.o(i.ADCIntStatus) for ADCIntStatus
    main.o(.text.Reading_E_W) refers to adc.o(i.ADCIntClear) for ADCIntClear
    main.o(.text.Reading_E_W) refers to main.o(.bss.pui32ADC0_s1_Value) for pui32ADC0_s1_Value
    main.o(.text.Reading_E_W) refers to adc.o(i.ADCSequenceDataGet) for ADCSequenceDataGet
    main.o(.text.Reading_E_W) refers to main.o(.bss.pui32ADC0_s3_Value) for pui32ADC0_s3_Value
    main.o(.text.Reading_E_W) refers to main.o(.bss.topl) for topl
    main.o(.text.Reading_E_W) refers to main.o(.bss.topr) for topr
    main.o(.text.Reading_E_W) refers to main.o(.bss.zBinarySemaphore) for zBinarySemaphore
    main.o(.text.Reading_E_W) refers to queue.o(.text.xQueueGenericSend) for xQueueGenericSend
    main.o(.ARM.exidx.text.Reading_E_W) refers to main.o(.text.Reading_E_W) for [Anonymous Symbol]
    main.o(.text.Reading_N_S) refers to main.o(.bss.zBinarySemaphore) for zBinarySemaphore
    main.o(.text.Reading_N_S) refers to queue.o(.text.xQueueSemaphoreTake) for xQueueSemaphoreTake
    main.o(.text.Reading_N_S) refers to adc.o(i.ADCProcessorTrigger) for ADCProcessorTrigger
    main.o(.text.Reading_N_S) refers to adc.o(i.ADCIntStatus) for ADCIntStatus
    main.o(.text.Reading_N_S) refers to adc.o(i.ADCIntClear) for ADCIntClear
    main.o(.text.Reading_N_S) refers to main.o(.bss.pui32ADC0_s2_Value) for pui32ADC0_s2_Value
    main.o(.text.Reading_N_S) refers to adc.o(i.ADCSequenceDataGet) for ADCSequenceDataGet
    main.o(.text.Reading_N_S) refers to main.o(.bss.pui32ADC0_s4_Value) for pui32ADC0_s4_Value
    main.o(.text.Reading_N_S) refers to main.o(.bss.botl) for botl
    main.o(.text.Reading_N_S) refers to main.o(.bss.botr) for botr
    main.o(.text.Reading_N_S) refers to main.o(.bss.wBinarySemaphore) for wBinarySemaphore
    main.o(.text.Reading_N_S) refers to queue.o(.text.xQueueGenericSend) for xQueueGenericSend
    main.o(.ARM.exidx.text.Reading_N_S) refers to main.o(.text.Reading_N_S) for [Anonymous Symbol]
    main.o(.text.Actuating_E_W) refers to main.o(.bss.wBinarySemaphore) for wBinarySemaphore
    main.o(.text.Actuating_E_W) refers to queue.o(.text.xQueueSemaphoreTake) for xQueueSemaphoreTake
    main.o(.text.Actuating_E_W) refers to main.o(.bss.topl) for topl
    main.o(.text.Actuating_E_W) refers to main.o(.bss.botl) for botl
    main.o(.text.Actuating_E_W) refers to main.o(.bss.topr) for topr
    main.o(.text.Actuating_E_W) refers to main.o(.bss.botr) for botr
    main.o(.text.Actuating_E_W) refers to main.o(.data.servoazimuth_val) for servoazimuth_val
    main.o(.text.Actuating_E_W) refers to main.o(.text.servoazimuth) for servoazimuth
    main.o(.text.Actuating_E_W) refers to main.o(.bss.xBinarySemaphore) for xBinarySemaphore
    main.o(.text.Actuating_E_W) refers to queue.o(.text.xQueueGenericSend) for xQueueGenericSend
    main.o(.ARM.exidx.text.Actuating_E_W) refers to main.o(.text.Actuating_E_W) for [Anonymous Symbol]
    main.o(.text.servoazimuth) refers to pwm.o(i.PWMPulseWidthSet) for PWMPulseWidthSet
[...]
    .ARM.Collect$$libinit$$00000023          0x000002e6   Section        0  libinit2.o(.ARM.Collect$$libinit$$00000023)
    .ARM.Collect$$libinit$$00000025          0x000002e6   Section        0  libinit2.o(.ARM.Collect$$libinit$$00000025)
    .ARM.Collect$$libinit$$00000027          0x000002e6   Section        0  libinit2.o(.ARM.Collect$$libinit$$00000027)
    .ARM.Collect$$libinit$$0000002E          0x000002e6   Section        0  libinit2.o(.ARM.Collect$$libinit$$0000002E)
    .ARM.Collect$$libinit$$00000030          0x000002e6   Section        0  libinit2.o(.ARM.Collect$$libinit$$00000030)
    .ARM.Collect$$libinit$$00000032          0x000002e6   Section        0  libinit2.o(.ARM.Collect$$libinit$$00000032)
    .ARM.Collect$$libinit$$00000034          0x000002e6   Section        0  libinit2.o(.ARM.Collect$$libinit$$00000034)
    .ARM.Collect$$libinit$$00000035          0x000002e6   Section        2  libinit2.o(.ARM.Collect$$libinit$$00000035)
    .ARM.Collect$$libshutdown$$00000000      0x000002e8   Section        2  libshutdown.o(.ARM.Collect$$libshutdown$$00000000)
    .ARM.Collect$$libshutdown$$00000002      0x000002ea   Section        0  libshutdown2.o(.ARM.Collect$$libshutdown$$00000002)
    .ARM.Collect$$libshutdown$$00000004      0x000002ea   Section        0  libshutdown2.o(.ARM.Collect$$libshutdown$$00000004)
    .ARM.Collect$$libshutdown$$00000007      0x000002ea   Section        0  libshutdown2.o(.ARM.Collect$$libshutdown$$00000007)
    .ARM.Collect$$libshutdown$$0000000A      0x000002ea   Section        0  libshutdown2.o(.ARM.Collect$$libshutdown$$0000000A)
    .ARM.Collect$$libshutdown$$0000000C      0x000002ea   Section        0  libshutdown2.o(.ARM.Collect$$libshutdown$$0000000C)
    .ARM.Collect$$libshutdown$$0000000F      0x000002ea   Section        0  libshutdown2.o(.ARM.Collect$$libshutdown$$0000000F)
    .ARM.Collect$$libshutdown$$00000010      0x000002ea   Section        2  libshutdown2.o(.ARM.Collect$$libshutdown$$00000010)
    .ARM.Collect$$rtentry$$00000000          0x000002ec   Section        0  __rtentry.o(.ARM.Collect$$rtentry$$00000000)
    .ARM.Collect$$rtentry$$00000002          0x000002ec   Section        0  __rtentry2.o(.ARM.Collect$$rtentry$$00000002)
    .ARM.Collect$$rtentry$$00000004          0x000002ec   Section        6  __rtentry4.o(.ARM.Collect$$rtentry$$00000004)
    .ARM.Collect$$rtentry$$00000009          0x000002f2   Section        0  __rtentry2.o(.ARM.Collect$$rtentry$$00000009)
    .ARM.Collect$$rtentry$$0000000A          0x000002f2   Section        4  __rtentry2.o(.ARM.Collect$$rtentry$$0000000A)
    .ARM.Collect$$rtentry$$0000000C          0x000002f6   Section        0  __rtentry2.o(.ARM.Collect$$rtentry$$0000000C)
    .ARM.Collect$$rtentry$$0000000D          0x000002f6   Section        8  __rtentry2.o(.ARM.Collect$$rtentry$$0000000D)
    .ARM.Collect$$rtexit$$00000000           0x000002fe   Section        2  rtexit.o(.ARM.Collect$$rtexit$$00000000)
    .ARM.Collect$$rtexit$$00000002           0x00000300   Section        0  rtexit2.o(.ARM.Collect$$rtexit$$00000002)
    .ARM.Collect$$rtexit$$00000003           0x00000300   Section        4  rtexit2.o(.ARM.Collect$$rtexit$$00000003)
    .ARM.Collect$$rtexit$$00000004           0x00000304   Section        6  rtexit2.o(.ARM.Collect$$rtexit$$00000004)
    $v0                                      0x0000030c   Number         0  sysctl.o(.emb_text)
    .emb_text                                0x0000030c   Section        6  sysctl.o(.emb_text)
    $v0                                      0x00000314   Number         0  startup_tm4c123.o(.text)
    .text                                    0x00000314   Section      276  startup_tm4c123.o(.text)
    .text                                    0x00000428   Section      138  rt_memcpy_v6.o(.text)
    .text                                    0x000004b2   Section       16  aeabi_memset4.o(.text)
    .text                                    0x000004c2   Section        0  heapauxi.o(.text)
    .text                                    0x000004c8   Section      100  rt_memcpy_w.o(.text)
    .text                                    0x0000052c   Section       78  rt_memclr_w.o(.text)
    .text                                    0x0000057a   Section       74  sys_stackheap_outer.o(.text)
    .text                                    0x000005c4   Section        0  exit.o(.text)
    .text                                    0x000005d8   Section        8  libspace.o(.text)
    .text                                    0x000005e0   Section        0  sys_exit.o(.text)
    .text                                    0x000005ec   Section        2  use_no_semi.o(.text)
    .text                                    0x000005ee   Section        0  indicate_semi.o(.text)
    [Anonymous Symbol]                       0x000005f0   Section        0  main.o(.text.ADC_init)
    [Anonymous Symbol]                       0x000006fc   Section        0  main.o(.text.Actuating_E_W)
    [Anonymous Symbol]                       0x00000800   Section        0  main.o(.text.Actuating_N_S)
    [Anonymous Symbol]                       0x00000908   Section        0  main.o(.text.PWM_init)
    [Anonymous Symbol]                       0x000009d0   Section        0  port.o(.text.PendSV_Handler)
    pxCurrentTCBConst                        0x00000a30   Number         0  port.o(.text.PendSV_Handler)
    [Anonymous Symbol]                       0x00000a34   Section        0  main.o(.text.Reading_E_W)
    [Anonymous Symbol]                       0x00000b30   Section        0  main.o(.text.Reading_N_S)
    [Anonymous Symbol]                       0x00000c30   Section        0  port.o(.text.SVC_Handler)
    pxCurrentTCBConst2                       0x00000c50   Number         0  port.o(.text.SVC_Handler)
    [Anonymous Symbol]                       0x00000c54   Section        0  port.o(.text.SysTick_Handler)
    [Anonymous Symbol]                       0x00000c90   Section        0  system_tm4c123.o(.text.SystemInit)
    [Anonymous Symbol]                       0x00000d9c   Section        0  tasks.o(.text.eTaskConfirmSleepModeStatus)
    [Anonymous Symbol]                       0x00000e1c   Section        0  main.o(.text.main)
    prvAddCurrentTaskToDelayedList           0x00000fd5   Thumb Code   290  tasks.o(.text.prvAddCurrentTaskToDelayedList)
    [Anonymous Symbol]                       0x00000fd4   Section        0  tasks.o(.text.prvAddCurrentTaskToDelayedList)
    prvAddNewTaskToReadyList                 0x000010f9   Thumb Code   340  tasks.o(.text.prvAddNewTaskToReadyList)
    [Anonymous Symbol]                       0x000010f8   Section        0  tasks.o(.text.prvAddNewTaskToReadyList)
    prvCheckForValidListAndQueue             0x0000124d   Thumb Code   106  timers.o(.text.prvCheckForValidListAndQueue)
    [Anonymous Symbol]                       0x0000124c   Section        0  timers.o(.text.prvCheckForValidListAndQueue)
    prvCheckTasksWaitingTermination          0x000012b9   Thumb Code    90  tasks.o(.text.prvCheckTasksWaitingTermination)
    [Anonymous Symbol]                       0x000012b8   Section        0  tasks.o(.text.prvCheckTasksWaitingTermination)
    prvCopyDataFromQueue                     0x00001315   Thumb Code    66  queue.o(.text.prvCopyDataFromQueue)
    [Anonymous Symbol]                       0x00001314   Section        0  queue.o(.text.prvCopyDataFromQueue)
    prvCopyDataToQueue                       0x00001359   Thumb Code   204  queue.o(.text.prvCopyDataToQueue)
    [Anonymous Symbol]                       0x00001358   Section        0  queue.o(.text.prvCopyDataToQueue)
    prvDeleteTCB                             0x00001425   Thumb Code    24  tasks.o(.text.prvDeleteTCB)
    [Anonymous Symbol]                       0x00001424   Section        0  tasks.o(.text.prvDeleteTCB)
    prvGetDisinheritPriorityAfterTimeout     0x0000143d   Thumb Code    38  queue.o(.text.prvGetDisinheritPriorityAfterTimeout)
    [Anonymous Symbol]                       0x0000143c   Section        0  queue.o(.text.prvGetDisinheritPriorityAfterTimeout)
    prvGetExpectedIdleTime                   0x00001465   Thumb Code   124  tasks.o(.text.prvGetExpectedIdleTime)
    [Anonymous Symbol]                       0x00001464   Section        0  tasks.o(.text.prvGetExpectedIdleTime)
    prvGetNextExpireTime                     0x000014e1   Thumb Code    64  timers.o(.text.prvGetNextExpireTime)
    [Anonymous Symbol]                       0x000014e0   Section        0  timers.o(.text.prvGetNextExpireTime)
    prvIdleTask                              0x00001521   Thumb Code   154  tasks.o(.text.prvIdleTask)
    [Anonymous Symbol]                       0x00001520   Section        0  tasks.o(.text.prvIdleTask)
    prvInitialiseNewQueue                    0x000015bd   Thumb Code    78  queue.o(.text.prvInitialiseNewQueue)
    [Anonymous Symbol]                       0x000015bc   Section        0  queue.o(.text.prvInitialiseNewQueue)
    prvInitialiseNewTask                     0x0000160d   Thumb Code   326  tasks.o(.text.prvInitialiseNewTask)
    [Anonymous Symbol]                       0x0000160c   Section        0  tasks.o(.text.prvInitialiseNewTask)
    prvInitialiseTaskLists                   0x00001755   Thumb Code   142  tasks.o(.text.prvInitialiseTaskLists)
    [Anonymous Symbol]                       0x00001754   Section        0  tasks.o(.text.prvInitialiseTaskLists)
    prvInsertTimerInActiveList               0x000017e5   Thumb Code   134  timers.o(.text.prvInsertTimerInActiveList)
    [Anonymous Symbol]                       0x000017e4   Section        0  timers.o(.text.prvInsertTimerInActiveList)
    prvIsQueueEmpty                          0x0000186d   Thumb Code    40  queue.o(.text.prvIsQueueEmpty)
    [Anonymous Symbol]                       0x0000186c   Section        0  queue.o(.text.prvIsQueueEmpty)
    prvIsQueueFull                           0x00001895   Thumb Code    46  queue.o(.text.prvIsQueueFull)
    [Anonymous Symbol]                       0x00001894   Section        0  queue.o(.text.prvIsQueueFull)
    prvNotifyQueueSetContainer               0x000018c5   Thumb Code   216  queue.o(.text.prvNotifyQueueSetContainer)
    [Anonymous Symbol]                       0x000018c4   Section        0  queue.o(.text.prvNotifyQueueSetContainer)
    prvPortStartFirstTask                    0x0000199d   Thumb Code    40  port.o(.text.prvPortStartFirstTask)
    [Anonymous Symbol]                       0x0000199c   Section        0  port.o(.text.prvPortStartFirstTask)
    prvProcessExpiredTimer                   0x000019c5   Thumb Code    84  timers.o(.text.prvProcessExpiredTimer)
    [Anonymous Symbol]                       0x000019c4   Section        0  timers.o(.text.prvProcessExpiredTimer)
    prvProcessReceivedCommands               0x00001a19   Thumb Code   384  timers.o(.text.prvProcessReceivedCommands)
    [Anonymous Symbol]                       0x00001a18   Section        0  timers.o(.text.prvProcessReceivedCommands)
    prvProcessTimerOrBlockTask               0x00001b99   Thumb Code   154  timers.o(.text.prvProcessTimerOrBlockTask)
    [Anonymous Symbol]                       0x00001b98   Section        0  timers.o(.text.prvProcessTimerOrBlockTask)
    prvReloadTimer                           0x00001c35   Thumb Code    52  timers.o(.text.prvReloadTimer)
    [Anonymous Symbol]                       0x00001c34   Section        0  timers.o(.text.prvReloadTimer)
    prvResetNextTaskUnblockTime              0x00001c69   Thumb Code    60  tasks.o(.text.prvResetNextTaskUnblockTime)
    [Anonymous Symbol]                       0x00001c68   Section        0  tasks.o(.text.prvResetNextTaskUnblockTime)
    prvSampleTimeNow                         0x00001ca5   Thumb Code    68  timers.o(.text.prvSampleTimeNow)
    [Anonymous Symbol]                       0x00001ca4   Section        0  timers.o(.text.prvSampleTimeNow)
    prvSwitchTimerLists                      0x00001ce9   Thumb Code    82  timers.o(.text.prvSwitchTimerLists)
    [Anonymous Symbol]                       0x00001ce8   Section        0  timers.o(.text.prvSwitchTimerLists)
    prvTaskExitError                         0x00001d3d   Thumb Code    76  port.o(.text.prvTaskExitError)
    [Anonymous Symbol]                       0x00001d3c   Section        0  port.o(.text.prvTaskExitError)
    prvTimerTask                             0x00001d89   Thumb Code    30  timers.o(.text.prvTimerTask)
    [Anonymous Symbol]                       0x00001d88   Section        0  timers.o(.text.prvTimerTask)
    prvUnlockQueue                           0x00001da9   Thumb Code   204  queue.o(.text.prvUnlockQueue)
    [Anonymous Symbol]                       0x00001da8   Section        0  queue.o(.text.prvUnlockQueue)
    [Anonymous Symbol]                       0x00001e74   Section        0  heap_1.o(.text.pvPortMalloc)
    [Anonymous Symbol]                       0x00001f34   Section        0  tasks.o(.text.pvTaskIncrementMutexHeldCount)
    [Anonymous Symbol]                       0x00001f60   Section        0  port.o(.text.pxPortInitialiseStack)
    [Anonymous Symbol]                       0x00001fc0   Section        0  main.o(.text.servoazimuth)
    [Anonymous Symbol]                       0x00001fdc   Section        0  main.o(.text.servotilt)
    [Anonymous Symbol]                       0x00001ff8   Section        0  list.o(.text.uxListRemove)
    [Anonymous Symbol]                       0x00002040   Section        0  list.o(.text.vListInitialise)
    [Anonymous Symbol]                       0x00002070   Section        0  list.o(.text.vListInitialiseItem)
    [Anonymous Symbol]                       0x00002080   Section        0  list.o(.text.vListInsert)
    vPortEnableVFP                           0x000020ed   Thumb Code    20  port.o(.text.vPortEnableVFP)
    [Anonymous Symbol]                       0x000020ec   Section        0  port.o(.text.vPortEnableVFP)
    [Anonymous Symbol]                       0x00002100   Section        0  port.o(.text.vPortEnterCritical)
    [Anonymous Symbol]                       0x00002158   Section        0  port.o(.text.vPortExitCritical)
    [Anonymous Symbol]                       0x000021a4   Section        0  heap_1.o(.text.vPortFree)
    [Anonymous Symbol]                       0x000021c8   Section        0  port.o(.text.vPortSetupTimerInterrupt)
    [Anonymous Symbol]                       0x00002240   Section        0  port.o(.text.vPortSuppressTicksAndSleep)
    [Anonymous Symbol]                       0x0000244c   Section        0  queue.o(.text.vQueueWaitForMessageRestricted)
    [Anonymous Symbol]                       0x000024b0   Section        0  tasks.o(.text.vTaskInternalSetTimeOutState)
    [Anonymous Symbol]                       0x000024d4   Section        0  tasks.o(.text.vTaskMissedYield)
    [Anonymous Symbol]                       0x000024e4   Section        0  tasks.o(.text.vTaskPlaceOnEventList)
    [Anonymous Symbol]                       0x00002528   Section        0  tasks.o(.text.vTaskPlaceOnEventListRestricted)
    [Anonymous Symbol]                       0x000025a4   Section        0  tasks.o(.text.vTaskPriorityDisinheritAfterTimeout)
    [Anonymous Symbol]                       0x00002728   Section        0  tasks.o(.text.vTaskStartScheduler)
    [Anonymous Symbol]                       0x000027e4   Section        0  tasks.o(.text.vTaskStepTick)
    [Anonymous Symbol]                       0x00002830   Section        0  tasks.o(.text.vTaskSuspendAll)
    __tagsym$$used.0                         0x00002840   Number         0  tasks.o(.text.vTaskSwitchContext)
    [Anonymous Symbol]                       0x00002840   Section        0  tasks.o(.text.vTaskSwitchContext)
    [Anonymous Symbol]                       0x00002900   Section        0  port.o(.text.xPortStartScheduler)
    [Anonymous Symbol]                       0x00002a58   Section        0  queue.o(.text.xQueueGenericCreate)
    [Anonymous Symbol]                       0x00002af4   Section        0  queue.o(.text.xQueueGenericReset)
    [Anonymous Symbol]                       0x00002bfc   Section        0  queue.o(.text.xQueueGenericSend)
    [Anonymous Symbol]                       0x00002e70   Section        0  queue.o(.text.xQueueReceive)
    [Anonymous Symbol]                       0x0000304c   Section        0  queue.o(.text.xQueueSemaphoreTake)
    [Anonymous Symbol]                       0x00003278   Section        0  tasks.o(.text.xTaskCheckForTimeOut)
    [Anonymous Symbol]                       0x00003374   Section        0  tasks.o(.text.xTaskCreate)
    [Anonymous Symbol]                       0x0000340c   Section        0  tasks.o(.text.xTaskGetSchedulerState)
    [Anonymous Symbol]                       0x00003444   Section        0  tasks.o(.text.xTaskGetTickCount)
    [Anonymous Symbol]                       0x00003458   Section        0  tasks.o(.text.xTaskIncrementTick)
    [Anonymous Symbol]                       0x000036b8   Section        0  tasks.o(.text.xTaskPriorityDisinherit)
    [Anonymous Symbol]                       0x000037f0   Section        0  tasks.o(.text.xTaskPriorityInherit)
    [Anonymous Symbol]                       0x0000394c   Section        0  tasks.o(.text.xTaskRemoveFromEventList)
    [Anonymous Symbol]                       0x00003ae0   Section        0  tasks.o(.text.xTaskResumeAll)
    [Anonymous Symbol]                       0x00003d04   Section        0  timers.o(.text.xTimerCreateTimerTask)
    i.ADCIntClear                            0x00003d70   Section        0  adc.o(i.ADCIntClear)
    i.ADCIntStatus                           0x00003d7a   Section        0  adc.o(i.ADCIntStatus)
    i.ADCProcessorTrigger                    0x00003dae   Section        0  adc.o(i.ADCProcessorTrigger)
    i.ADCSequenceConfigure                   0x00003dc8   Section        0  adc.o(i.ADCSequenceConfigure)
    i.ADCSequenceDataGet                     0x00003e28   Section        0  adc.o(i.ADCSequenceDataGet)
    i.ADCSequenceEnable                      0x00003e4c   Section        0  adc.o(i.ADCSequenceEnable)
    i.ADCSequenceStepConfigure               0x00003e5a   Section        0  adc.o(i.ADCSequenceStepConfigure)
    i.GPIODirModeSet                         0x00003ef4   Section        0  gpio.o(i.GPIODirModeSet)
    i.GPIOPadConfigSet                       0x00003f1c   Section        0  gpio.o(i.GPIOPadConfigSet)
    i.GPIOPinConfigure                       0x0000408c   Section        0  gpio.o(i.GPIOPinConfigure)
    i.GPIOPinTypeADC                         0x000040d0   Section        0  gpio.o(i.GPIOPinTypeADC)
    i.GPIOPinTypePWM                         0x000040ec   Section        0  gpio.o(i.GPIOPinTypePWM)
    i.PWMGenConfigure                        0x00004108   Section        0  pwm.o(i.PWMGenConfigure)
    i.PWMGenEnable                           0x0000412e   Section        0  pwm.o(i.PWMGenEnable)
    i.PWMGenPeriodSet                        0x00004138   Section        0  pwm.o(i.PWMGenPeriodSet)
    i.PWMOutputState                         0x0000414a   Section        0  pwm.o(i.PWMOutputState)
    i.PWMPulseWidthSet                       0x0000415a   Section        0  pwm.o(i.PWMPulseWidthSet)
    i.SysCtlClockSet                         0x0000417c   Section        0  sysctl.o(i.SysCtlClockSet)
    i.SysCtlPWMClockSet                      0x0000429c   Section        0  sysctl.o(i.SysCtlPWMClockSet)
    i.SysCtlPeripheralEnable                 0x000042b0   Section        0  sysctl.o(i.SysCtlPeripheralEnable)
    $v0                                      0x000042d8   Number         0  fpinit.o(x$fpl$fpinit)
    x$fpl$fpinit                             0x000042d8   Section       26  fpinit.o(x$fpl$fpinit)
    g_ppui32GPIOIntMapBlizzard               0x000042f4   Data         192  gpio.o(.constdata)
    .constdata                               0x000042f4   Section      552  gpio.o(.constdata)
    g_ppui32GPIOIntMapSnowflake              0x000043b4   Data         216  gpio.o(.constdata)
    g_pui32GPIOBaseAddrs                     0x0000448c   Data         144  gpio.o(.constdata)
    .L.str.1                                 0x0000451c   Data          20  main.o(.rodata.str1.1)
    [Anonymous Symbol]                       0x0000451c   Section        0  main.o(.rodata.str1.1)
    .L.str                                   0x00004530   Data          18  main.o(.rodata.str1.1)
    .L.str.3                                 0x00004542   Data          22  main.o(.rodata.str1.1)
    .L.str.2                                 0x00004558   Data          20  main.o(.rodata.str1.1)
    .L.str                                   0x0000456c   Data           5  tasks.o(.rodata.str1.1)
    [Anonymous Symbol]                       0x0000456c   Section        0  tasks.o(.rodata.str1.1)
    .L.str                                   0x00004571   Data           8  timers.o(.rodata.str1.1)
    [Anonymous Symbol]                       0x00004571   Section        0  timers.o(.rodata.str1.1)
    uxCriticalNesting                        0x2000000c   Data           4  port.o(.data.uxCriticalNesting)
    [Anonymous Symbol]                       0x2000000c   Section        0  port.o(.data.uxCriticalNesting)
    .bss                                     0x20000010   Section       96  libspace.o(.bss)
    prvSampleTimeNow.xLastTime               0x20000078   Data           4  timers.o(.bss.prvSampleTimeNow.xLastTime)
    [Anonymous Symbol]                       0x20000078   Section        0  timers.o(.bss.prvSampleTimeNow.xLastTime)
    pvPortMalloc.pucAlignedHeap              0x200000bc   Data           4  heap_1.o(.bss.pvPortMalloc.pucAlignedHeap)
    [Anonymous Symbol]                       0x200000bc   Section        0  heap_1.o(.bss.pvPortMalloc.pucAlignedHeap)
    pxCurrentTimerList                       0x200000c4   Data           4  timers.o(.bss.pxCurrentTimerList)
    [Anonymous Symbol]                       0x200000c4   Section        0  timers.o(.bss.pxCurrentTimerList)
    pxDelayedTaskList                        0x200000c8   Data           4  tasks.o(.bss.pxDelayedTaskList)
    [Anonymous Symbol]                       0x200000c8   Section        0  tasks.o(.bss.pxDelayedTaskList)
    pxOverflowDelayedTaskList                0x200000cc   Data           4  tasks.o(.bss.pxOverflowDelayedTaskList)
    [Anonymous Symbol]                       0x200000cc   Section        0  tasks.o(.bss.pxOverflowDelayedTaskList)
    pxOverflowTimerList                      0x200000d0   Data           4  timers.o(.bss.pxOverflowTimerList)
    [Anonymous Symbol]                       0x200000d0   Section        0  timers.o(.bss.pxOverflowTimerList)
    pxReadyTasksLists                        0x200000d4   Data         100  tasks.o(.bss.pxReadyTasksLists)
    [Anonymous Symbol]                       0x200000d4   Section        0  tasks.o(.bss.pxReadyTasksLists)
    ucHeap                                   0x20000140   Data       16384  heap_1.o(.bss.ucHeap)
    [Anonymous Symbol]                       0x20000140   Section        0  heap_1.o(.bss.ucHeap)
    ucMaxSysCallPriority                     0x20004140   Data           1  port.o(.bss.ucMaxSysCallPriority)
    [Anonymous Symbol]                       0x20004140   Section        0  port.o(.bss.ucMaxSysCallPriority)
    ulMaxPRIGROUPValue                       0x20004144   Data           4  port.o(.bss.ulMaxPRIGROUPValue)
    [Anonymous Symbol]                       0x20004144   Section        0  port.o(.bss.ulMaxPRIGROUPValue)
    ulStoppedTimerCompensation               0x20004148   Data           4  port.o(.bss.ulStoppedTimerCompensation)
    [Anonymous Symbol]                       0x20004148   Section        0  port.o(.bss.ulStoppedTimerCompensation)
    ulTimerCountsForOneTick                  0x2000414c   Data           4  port.o(.bss.ulTimerCountsForOneTick)
    [Anonymous Symbol]                       0x2000414c   Section        0  port.o(.bss.ulTimerCountsForOneTick)
    uxCurrentNumberOfTasks                   0x20004150   Data           4  tasks.o(.bss.uxCurrentNumberOfTasks)
    [Anonymous Symbol]                       0x20004150   Section        0  tasks.o(.bss.uxCurrentNumberOfTasks)
    uxDeletedTasksWaitingCleanUp             0x20004154   Data           4  tasks.o(.bss.uxDeletedTasksWaitingCleanUp)
    [Anonymous Symbol]                       0x20004154   Section        0  tasks.o(.bss.uxDeletedTasksWaitingCleanUp)
    uxSchedulerSuspended                     0x20004158   Data           4  tasks.o(.bss.uxSchedulerSuspended)
    [Anonymous Symbol]                       0x20004158   Section        0  tasks.o(.bss.uxSchedulerSuspended)
    uxTaskNumber                             0x2000415c   Data           4  tasks.o(.bss.uxTaskNumber)
    [Anonymous Symbol]                       0x2000415c   Section        0  tasks.o(.bss.uxTaskNumber)
    uxTopReadyPriority                       0x20004160   Data           4  tasks.o(.bss.uxTopReadyPriority)
    [Anonymous Symbol]                       0x20004160   Section        0  tasks.o(.bss.uxTopReadyPriority)
    xActiveTimerList1                        0x20004168   Data          20  timers.o(.bss.xActiveTimerList1)
    [Anonymous Symbol]                       0x20004168   Section        0  timers.o(.bss.xActiveTimerList1)
    xActiveTimerList2                        0x2000417c   Data          20  timers.o(.bss.xActiveTimerList2)
    [Anonymous Symbol]                       0x2000417c   Section        0  timers.o(.bss.xActiveTimerList2)
    xDelayedTaskList1                        0x20004194   Data          20  tasks.o(.bss.xDelayedTaskList1)
    [Anonymous Symbol]                       0x20004194   Section        0  tasks.o(.bss.xDelayedTaskList1)
    xDelayedTaskList2                        0x200041a8   Data          20  tasks.o(.bss.xDelayedTaskList2)
    [Anonymous Symbol]                       0x200041a8   Section        0  tasks.o(.bss.xDelayedTaskList2)
    xIdleTaskHandle                          0x200041bc   Data           4  tasks.o(.bss.xIdleTaskHandle)
    [Anonymous Symbol]                       0x200041bc   Section        0  tasks.o(.bss.xIdleTaskHandle)
    xMaximumPossibleSuppressedTicks          0x200041c0   Data           4  port.o(.bss.xMaximumPossibleSuppressedTicks)
    [Anonymous Symbol]                       0x200041c0   Section        0  port.o(.bss.xMaximumPossibleSuppressedTicks)
    xNextFreeByte                            0x200041c4   Data           4  heap_1.o(.bss.xNextFreeByte)
    [Anonymous Symbol]                       0x200041c4   Section        0  heap_1.o(.bss.xNextFreeByte)
    xNextTaskUnblockTime                     0x200041c8   Data           4  tasks.o(.bss.xNextTaskUnblockTime)
    [Anonymous Symbol]                       0x200041c8   Section        0  tasks.o(.bss.xNextTaskUnblockTime)
    xNumOfOverflows                          0x200041cc   Data           4  tasks.o(.bss.xNumOfOverflows)
    [Anonymous Symbol]                       0x200041cc   Section        0  tasks.o(.bss.xNumOfOverflows)
    xPendedTicks                             0x200041d0   Data           4  tasks.o(.bss.xPendedTicks)
    [Anonymous Symbol]                       0x200041d0   Section        0  tasks.o(.bss.xPendedTicks)
    xPendingReadyList                        0x200041d4   Data          20  tasks.o(.bss.xPendingReadyList)
    [Anonymous Symbol]                       0x200041d4   Section        0  tasks.o(.bss.xPendingReadyList)
    xSchedulerRunning                        0x200041e8   Data           4  tasks.o(.bss.xSchedulerRunning)
    [Anonymous Symbol]                       0x200041e8   Section        0  tasks.o(.bss.xSchedulerRunning)
    xSuspendedTaskList                       0x200041ec   Data          20  tasks.o(.bss.xSuspendedTaskList)
    [Anonymous Symbol]                       0x200041ec   Section        0  tasks.o(.bss.xSuspendedTaskList)
    xTasksWaitingTermination                 0x20004200   Data          20  tasks.o(.bss.xTasksWaitingTermination)
    [Anonymous Symbol]                       0x20004200   Section        0  tasks.o(.bss.xTasksWaitingTermination)
    xTickCount                               0x20004214   Data           4  tasks.o(.bss.xTickCount)
    [Anonymous Symbol]                       0x20004214   Section        0  tasks.o(.bss.xTickCount)
    xTimerQueue                              0x20004218   Data           4  timers.o(.bss.xTimerQueue)
    [Anonymous Symbol]                       0x20004218   Section        0  timers.o(.bss.xTimerQueue)
    xTimerTaskHandle                         0x2000421c   Data           4  timers.o(.bss.xTimerTaskHandle)
    [Anonymous Symbol]                       0x2000421c   Section        0  timers.o(.bss.xTimerTaskHandle)
    xYieldPending                            0x20004220   Data           4  tasks.o(.bss.xYieldPending)
    [Anonymous Symbol]                       0x20004220   Section        0  tasks.o(.bss.xYieldPending)
    Heap_Mem                                 0x20004230   Data           0  startup_tm4c123.o(HEAP)
    Stack_Mem                                0x20004230   Data         512  startup_tm4c123.o(STACK)
    HEAP                                     0x20004230   Section        0  startup_tm4c123.o(HEAP)
    STACK                                    0x20004230   Section      512  startup_tm4c123.o(STACK)
    __initial_sp                             0x20004430   Data           0  startup_tm4c123.o(STACK)

    Global Symbols

    Symbol Name                              Value     Ov Type        Size  Object(Section)

    BuildAttributes$$THM_ISAv4$E$P$D$K$B$S$7EM$VFPi3$EXTD16$VFPS$VFMA$PE$A:L22UL41UL21$X:L11$S22US41US21$IEEE1$IW$~IW$USESV6$~STKCKD$USESV7$~SHL$OTIME$ROPI$EBA8$UX$STANDARDLIB$REQ8$PRES8$EABIv2 0x00000000   Number         0  anon$$obj.o ABSOLUTE
    __Vectors                                0x00000000   Data           4  startup_tm4c123.o(RESET)
    __ARM_exceptions_init                     - Undefined Weak Reference
    __alloca_initialize                       - Undefined Weak Reference
    __arm_preinit_                            - Undefined Weak Reference
    __arm_relocate_pie_                       - Undefined Weak Reference
    __cpp_initialize__aeabi_                  - Undefined Weak Reference
    __cxa_finalize                            - Undefined Weak Reference
    __rt_locale                               - Undefined Weak Reference
    __sigvec_lookup                           - Undefined Weak Reference
    _atexit_init                              - Undefined Weak Reference
    _call_atexit_fns                          - Undefined Weak Reference
    _clock_init                               - Undefined Weak Reference
    _fp_trap_init                             - Undefined Weak Reference
    _fp_trap_shutdown                         - Undefined Weak Reference
    _get_lc_collate                           - Undefined Weak Reference
    _get_lc_ctype                             - Undefined Weak Reference
    _get_lc_monetary                          - Undefined Weak Reference
    _get_lc_numeric                           - Undefined Weak Reference
    _get_lc_time                              - Undefined Weak Reference
    _getenv_init                              - Undefined Weak Reference
    _handle_redirection                       - Undefined Weak Reference
    _init_alloc                               - Undefined Weak Reference
    _init_user_alloc                          - Undefined Weak Reference
    _initio                                   - Undefined Weak Reference
    _rand_init                                - Undefined Weak Reference
    _signal_finish                            - Undefined Weak Reference
    _signal_init                              - Undefined Weak Reference
    _terminate_alloc                          - Undefined Weak Reference
    _terminate_user_alloc                     - Undefined Weak Reference
    _terminateio                              - Undefined Weak Reference
    __Vectors_End                            0x0000026c   Data           0  startup_tm4c123.o(RESET)
    __Vectors_Size                           0x0000026c   Number         0  startup_tm4c123.o ABSOLUTE
    __main                                   0x0000026d   Thumb Code     8  __main.o(!!!main)
    __scatterload                            0x00000275   Thumb Code     0  __scatter.o(!!!scatter)
    __scatterload_rt2                        0x00000275   Thumb Code    44  __scatter.o(!!!scatter)
    __scatterload_rt2_thumb_only             0x00000275   Thumb Code     0  __scatter.o(!!!scatter)
    __scatterload_null                       0x00000283   Thumb Code     0  __scatter.o(!!!scatter)
    __scatterload_copy                       0x000002a9   Thumb Code    26  __scatter_copy.o(!!handler_copy)
    __scatterload_zeroinit                   0x000002c5   Thumb Code    28  __scatter_zi.o(!!handler_zi)
    __rt_lib_init                            0x000002e1   Thumb Code     0  libinit.o(.ARM.Collect$$libinit$$00000000)
    __rt_lib_init_fp_1                       0x000002e3   Thumb Code     0  libinit2.o(.ARM.Collect$$libinit$$00000001)
    __rt_lib_init_alloca_1                   0x000002e7   Thumb Code     0  libinit2.o(.ARM.Collect$$libinit$$00000030)
    __rt_lib_init_argv_1                     0x000002e7   Thumb Code     0  libinit2.o(.ARM.Collect$$libinit$$0000002E)
    __rt_lib_init_atexit_1                   0x000002e7   Thumb Code     0  libinit2.o(.ARM.Collect$$libinit$$0000001D)
    __rt_lib_init_clock_1                    0x000002e7   Thumb Code     0  libinit2.o(.ARM.Collect$$libinit$$00000023)
    __rt_lib_init_cpp_1                      0x000002e7   Thumb Code     0  libinit2.o(.ARM.Collect$$libinit$$00000034)
    __rt_lib_init_exceptions_1               0x000002e7   Thumb Code     0  libinit2.o(.ARM.Collect$$libinit$$00000032)
    __rt_lib_init_fp_trap_1                  0x000002e7   Thumb Code     0  libinit2.o(.ARM.Collect$$libinit$$00000021)
    __rt_lib_init_getenv_1                   0x000002e7   Thumb Code     0  libinit2.o(.ARM.Collect$$libinit$$00000025)
    __rt_lib_init_heap_1                     0x000002e7   Thumb Code     0  libinit2.o(.ARM.Collect$$libinit$$0000000C)
    __rt_lib_init_lc_collate_1               0x000002e7   Thumb Code     0  libinit2.o(.ARM.Collect$$libinit$$00000013)
    __rt_lib_init_lc_ctype_1                 0x000002e7   Thumb Code     0  libinit2.o(.ARM.Collect$$libinit$$00000015)
    __rt_lib_init_lc_monetary_1              0x000002e7   Thumb Code     0  libinit2.o(.ARM.Collect$$libinit$$00000017)
    __rt_lib_init_lc_numeric_1               0x000002e7   Thumb Code     0  libinit2.o(.ARM.Collect$$libinit$$00000019)
    __rt_lib_init_lc_time_1                  0x000002e7   Thumb Code     0  libinit2.o(.ARM.Collect$$libinit$$0000001B)
    __rt_lib_init_preinit_1                  0x000002e7   Thumb Code     0  libinit2.o(.ARM.Collect$$libinit$$00000006)
    __rt_lib_init_rand_1                     0x000002e7   Thumb Code     0  libinit2.o(.ARM.Collect$$libinit$$00000010)
    __rt_lib_init_relocate_pie_1             0x000002e7   Thumb Code     0  libinit2.o(.ARM.Collect$$libinit$$00000004)
    __rt_lib_init_return                     0x000002e7   Thumb Code     0  libinit2.o(.ARM.Collect$$libinit$$00000035)
    __rt_lib_init_signal_1                   0x000002e7   Thumb Code     0  libinit2.o(.ARM.Collect$$libinit$$0000001F)
    __rt_lib_init_stdio_1                    0x000002e7   Thumb Code     0  libinit2.o(.ARM.Collect$$libinit$$00000027)
    __rt_lib_init_user_alloc_1               0x000002e7   Thumb Code     0  libinit2.o(.ARM.Collect$$libinit$$0000000E)
    __rt_lib_shutdown                        0x000002e9   Thumb Code     0  libshutdown.o(.ARM.Collect$$libshutdown$$00000000)
    __rt_lib_shutdown_cpp_1                  0x000002eb   Thumb Code     0  libshutdown2.o(.ARM.Collect$$libshutdown$$00000002)
    __rt_lib_shutdown_fp_trap_1              0x000002eb   Thumb Code     0  libshutdown2.o(.ARM.Collect$$libshutdown$$00000007)
    __rt_lib_shutdown_heap_1                 0x000002eb   Thumb Code     0  libshutdown2.o(.ARM.Collect$$libshutdown$$0000000F)
    __rt_lib_shutdown_return                 0x000002eb   Thumb Code     0  libshutdown2.o(.ARM.Collect$$libshutdown$$00000010)
    __rt_lib_shutdown_signal_1               0x000002eb   Thumb Code     0  libshutdown2.o(.ARM.Collect$$libshutdown$$0000000A)
    __rt_lib_shutdown_stdio_1                0x000002eb   Thumb Code     0  libshutdown2.o(.ARM.Collect$$libshutdown$$00000004)
    __rt_lib_shutdown_user_alloc_1           0x000002eb   Thumb Code     0  libshutdown2.o(.ARM.Collect$$libshutdown$$0000000C)
    __rt_entry                               0x000002ed   Thumb Code     0  __rtentry.o(.ARM.Collect$$rtentry$$00000000)
    __rt_entry_presh_1                       0x000002ed   Thumb Code     0  __rtentry2.o(.ARM.Collect$$rtentry$$00000002)
    __rt_entry_sh                            0x000002ed   Thumb Code     0  __rtentry4.o(.ARM.Collect$$rtentry$$00000004)
    __rt_entry_li                            0x000002f3   Thumb Code     0  __rtentry2.o(.ARM.Collect$$rtentry$$0000000A)
    __rt_entry_postsh_1                      0x000002f3   Thumb Code     0  __rtentry2.o(.ARM.Collect$$rtentry$$00000009)
    __rt_entry_main                          0x000002f7   Thumb Code     0  __rtentry2.o(.ARM.Collect$$rtentry$$0000000D)
    __rt_entry_postli_1                      0x000002f7   Thumb Code     0  __rtentry2.o(.ARM.Collect$$rtentry$$0000000C)
    __rt_exit                                0x000002ff   Thumb Code     0  rtexit.o(.ARM.Collect$$rtexit$$00000000)
    __rt_exit_ls                             0x00000301   Thumb Code     0  rtexit2.o(.ARM.Collect$$rtexit$$00000003)
    __rt_exit_prels_1                        0x00000301   Thumb Code     0  rtexit2.o(.ARM.Collect$$rtexit$$00000002)
    __rt_exit_exit                           0x00000305   Thumb Code     0  rtexit2.o(.ARM.Collect$$rtexit$$00000004)
    SysCtlDelay                              0x0000030d   Thumb Code     6  sysctl.o(.emb_text)
    Reset_Handler                            0x00000315   Thumb Code     8  startup_tm4c123.o(.text)
    NMI_Handler                              0x0000031d   Thumb Code     2  startup_tm4c123.o(.text)
    HardFault_Handler                        0x0000031f   Thumb Code     2  startup_tm4c123.o(.text)
    MemManage_Handler                        0x00000321   Thumb Code     2  startup_tm4c123.o(.text)
    BusFault_Handler                         0x00000323   Thumb Code     2  startup_tm4c123.o(.text)
    UsageFault_Handler                       0x00000325   Thumb Code     2  startup_tm4c123.o(.text)
    DebugMon_Handler                         0x00000329   Thumb Code     2  startup_tm4c123.o(.text)
    GPIOA_Handler                            0x0000032f   Thumb Code     2  startup_tm4c123.o(.text)
    GPIOB_Handler                            0x00000331   Thumb Code     2  startup_tm4c123.o(.text)
    GPIOC_Handler                            0x00000333   Thumb Code     2  startup_tm4c123.o(.text)
    GPIOD_Handler                            0x00000335   Thumb Code     2  startup_tm4c123.o(.text)
    GPIOE_Handler                            0x00000337   Thumb Code     2  startup_tm4c123.o(.text)
    UART0_Handler                            0x00000339   Thumb Code     2  startup_tm4c123.o(.text)
    UART1_Handler                            0x0000033b   Thumb Code     2  startup_tm4c123.o(.text)
    SSI0_Handler                             0x0000033d   Thumb Code     2  startup_tm4c123.o(.text)
    I2C0_Handler                             0x0000033f   Thumb Code     2  startup_tm4c123.o(.text)
    PMW0_FAULT_Handler                       0x00000341   Thumb Code     2  startup_tm4c123.o(.text)
    PWM0_0_Handler                           0x00000343   Thumb Code     2  startup_tm4c123.o(.text)
    PWM0_1_Handler                           0x00000345   Thumb Code     2  startup_tm4c123.o(.text)
    PWM0_2_Handler                           0x00000347   Thumb Code     2  startup_tm4c123.o(.text)
    QEI0_Handler                             0x00000349   Thumb Code     2  startup_tm4c123.o(.text)
    ADC0SS0_Handler                          0x0000034b   Thumb Code     2  startup_tm4c123.o(.text)
    ADC0SS1_Handler                          0x0000034d   Thumb Code     2  startup_tm4c123.o(.text)
    ADC0SS2_Handler                          0x0000034f   Thumb Code     2  startup_tm4c123.o(.text)
    ADC0SS3_Handler                          0x00000351   Thumb Code     2  startup_tm4c123.o(.text)
    WDT0_Handler                             0x00000353   Thumb Code     2  startup_tm4c123.o(.text)
    TIMER0A_Handler                          0x00000355   Thumb Code     2  startup_tm4c123.o(.text)
    TIMER0B_Handler                          0x00000357   Thumb Code     2  startup_tm4c123.o(.text)
    TIMER1A_Handler                          0x00000359   Thumb Code     2  startup_tm4c123.o(.text)
    TIMER1B_Handler                          0x0000035b   Thumb Code     2  startup_tm4c123.o(.text)
    TIMER2A_Handler                          0x0000035d   Thumb Code     2  startup_tm4c123.o(.text)
    TIMER2B_Handler                          0x0000035f   Thumb Code     2  startup_tm4c123.o(.text)
    COMP0_Handler                            0x00000361   Thumb Code     2  startup_tm4c123.o(.text)
    COMP1_Handler                            0x00000363   Thumb Code     2  startup_tm4c123.o(.text)
    COMP2_Handler                            0x00000365   Thumb Code     2  startup_tm4c123.o(.text)
    SYSCTL_Handler                           0x00000367   Thumb Code     2  startup_tm4c123.o(.text)
    FLASH_Handler                            0x00000369   Thumb Code     2  startup_tm4c123.o(.text)
    GPIOF_Handler                            0x0000036b   Thumb Code     2  startup_tm4c123.o(.text)
    GPIOG_Handler                            0x0000036d   Thumb Code     2  startup_tm4c123.o(.text)
    GPIOH_Handler                            0x0000036f   Thumb Code     2  startup_tm4c123.o(.text)
    UART2_Handler                            0x00000371   Thumb Code     2  startup_tm4c123.o(.text)
    SSI1_Handler                             0x00000373   Thumb Code     2  startup_tm4c123.o(.text)
    TIMER3A_Handler                          0x00000375   Thumb Code     2  startup_tm4c123.o(.text)
    TIMER3B_Handler                          0x00000377   Thumb Code     2  startup_tm4c123.o(.text)
    I2C1_Handler                             0x00000379   Thumb Code     2  startup_tm4c123.o(.text)
    QEI1_Handler                             0x0000037b   Thumb Code     2  startup_tm4c123.o(.text)
    CAN0_Handler                             0x0000037d   Thumb Code     2  startup_tm4c123.o(.text)
    CAN1_Handler                             0x0000037f   Thumb Code     2  startup_tm4c123.o(.text)
    CAN2_Handler                             0x00000381   Thumb Code     2  startup_tm4c123.o(.text)
    HIB_Handler                              0x00000383   Thumb Code     2  startup_tm4c123.o(.text)
    USB0_Handler                             0x00000385   Thumb Code     2  startup_tm4c123.o(.text)
    PWM0_3_Handler                           0x00000387   Thumb Code     2  startup_tm4c123.o(.text)
    UDMA_Handler                             0x00000389   Thumb Code     2  startup_tm4c123.o(.text)
    UDMAERR_Handler                          0x0000038b   Thumb Code     2  startup_tm4c123.o(.text)
    ADC1SS0_Handler                          0x0000038d   Thumb Code     2  startup_tm4c123.o(.text)
    ADC1SS1_Handler                          0x0000038f   Thumb Code     2  startup_tm4c123.o(.text)
    ADC1SS2_Handler                          0x00000391   Thumb Code     2  startup_tm4c123.o(.text)
    ADC1SS3_Handler                          0x00000393   Thumb Code     2  startup_tm4c123.o(.text)
    GPIOJ_Handler                            0x00000395   Thumb Code     2  startup_tm4c123.o(.text)
    GPIOK_Handler                            0x00000397   Thumb Code     2  startup_tm4c123.o(.text)
    GPIOL_Handler                            0x00000399   Thumb Code     2  startup_tm4c123.o(.text)
    SSI2_Handler                             0x0000039b   Thumb Code     2  startup_tm4c123.o(.text)
    SSI3_Handler                             0x0000039d   Thumb Code     2  startup_tm4c123.o(.text)
    UART3_Handler                            0x0000039f   Thumb Code     2  startup_tm4c123.o(.text)
    UART4_Handler                            0x000003a1   Thumb Code     2  startup_tm4c123.o(.text)
    UART5_Handler                            0x000003a3   Thumb Code     2  startup_tm4c123.o(.text)
    UART6_Handler                            0x000003a5   Thumb Code     2  startup_tm4c123.o(.text)
    UART7_Handler                            0x000003a7   Thumb Code     2  startup_tm4c123.o(.text)
    I2C2_Handler                             0x000003a9   Thumb Code     2  startup_tm4c123.o(.text)
    I2C3_Handler                             0x000003ab   Thumb Code     2  startup_tm4c123.o(.text)
    TIMER4A_Handler                          0x000003ad   Thumb Code     2  startup_tm4c123.o(.text)
    TIMER4B_Handler                          0x000003af   Thumb Code     2  startup_tm4c123.o(.text)
    TIMER5A_Handler                          0x000003b1   Thumb Code     2  startup_tm4c123.o(.text)
    TIMER5B_Handler                          0x000003b3   Thumb Code     2  startup_tm4c123.o(.text)
    WTIMER0A_Handler                         0x000003b5   Thumb Code     2  startup_tm4c123.o(.text)
    WTIMER0B_Handler                         0x000003b7   Thumb Code     2  startup_tm4c123.o(.text)
    WTIMER1A_Handler                         0x000003b9   Thumb Code     2  startup_tm4c123.o(.text)
    WTIMER1B_Handler                         0x000003bb   Thumb Code     2  startup_tm4c123.o(.text)
    WTIMER2A_Handler                         0x000003bd   Thumb Code     2  startup_tm4c123.o(.text)
    WTIMER2B_Handler                         0x000003bf   Thumb Code     2  startup_tm4c123.o(.text)
    WTIMER3A_Handler                         0x000003c1   Thumb Code     2  startup_tm4c123.o(.text)
    WTIMER3B_Handler                         0x000003c3   Thumb Code     2  startup_tm4c123.o(.text)
    WTIMER4A_Handler                         0x000003c5   Thumb Code     2  startup_tm4c123.o(.text)
    WTIMER4B_Handler                         0x000003c7   Thumb Code     2  startup_tm4c123.o(.text)
    WTIMER5A_Handler                         0x000003c9   Thumb Code     2  startup_tm4c123.o(.text)
    WTIMER5B_Handler                         0x000003cb   Thumb Code     2  startup_tm4c123.o(.text)
    FPU_Handler                              0x000003cd   Thumb Code     2  startup_tm4c123.o(.text)
    I2C4_Handler                             0x000003cf   Thumb Code     2  startup_tm4c123.o(.text)
    I2C5_Handler                             0x000003d1   Thumb Code     2  startup_tm4c123.o(.text)
    GPIOM_Handler                            0x000003d3   Thumb Code     2  startup_tm4c123.o(.text)
    GPION_Handler                            0x000003d5   Thumb Code     2  startup_tm4c123.o(.text)
    QEI2_Handler                             0x000003d7   Thumb Code     2  startup_tm4c123.o(.text)
    GPIOP0_Handler                           0x000003d9   Thumb Code     2  startup_tm4c123.o(.text)
    GPIOP1_Handler                           0x000003db   Thumb Code     2  startup_tm4c123.o(.text)
    GPIOP2_Handler                           0x000003dd   Thumb Code     2  startup_tm4c123.o(.text)
    GPIOP3_Handler                           0x000003df   Thumb Code     2  startup_tm4c123.o(.text)
    GPIOP4_Handler                           0x000003e1   Thumb Code     2  startup_tm4c123.o(.text)
    GPIOP5_Handler                           0x000003e3   Thumb Code     2  startup_tm4c123.o(.text)
    GPIOP6_Handler                           0x000003e5   Thumb Code     2  startup_tm4c123.o(.text)
    GPIOP7_Handler                           0x000003e7   Thumb Code     2  startup_tm4c123.o(.text)
    GPIOQ0_Handler                           0x000003e9   Thumb Code     2  startup_tm4c123.o(.text)
    GPIOQ1_Handler                           0x000003eb   Thumb Code     2  startup_tm4c123.o(.text)
    GPIOQ2_Handler                           0x000003ed   Thumb Code     2  startup_tm4c123.o(.text)
    GPIOQ3_Handler                           0x000003ef   Thumb Code     2  startup_tm4c123.o(.text)
    GPIOQ4_Handler                           0x000003f1   Thumb Code     2  startup_tm4c123.o(.text)
    GPIOQ5_Handler                           0x000003f3   Thumb Code     2  startup_tm4c123.o(.text)
    GPIOQ6_Handler                           0x000003f5   Thumb Code     2  startup_tm4c123.o(.text)
    GPIOQ7_Handler                           0x000003f7   Thumb Code     2  startup_tm4c123.o(.text)
    GPIOR_Handler                            0x000003f9   Thumb Code     2  startup_tm4c123.o(.text)
    GPIOS_Handler                            0x000003fb   Thumb Code     2  startup_tm4c123.o(.text)
    PMW1_0_Handler                           0x000003fd   Thumb Code     2  startup_tm4c123.o(.text)
    PWM1_1_Handler                           0x000003ff   Thumb Code     2  startup_tm4c123.o(.text)
    PWM1_2_Handler                           0x00000401   Thumb Code     2  startup_tm4c123.o(.text)
    PWM1_3_Handler                           0x00000403   Thumb Code     2  startup_tm4c123.o(.text)
    PWM1_FAULT_Handler                       0x00000405   Thumb Code     2  startup_tm4c123.o(.text)
    __user_initial_stackheap                 0x00000409   Thumb Code     0  startup_tm4c123.o(.text)
    __aeabi_memcpy                           0x00000429   Thumb Code     0  rt_memcpy_v6.o(.text)
    __rt_memcpy                              0x00000429   Thumb Code   138  rt_memcpy_v6.o(.text)
    _memcpy_lastbytes                        0x0000048f   Thumb Code     0  rt_memcpy_v6.o(.text)
    __aeabi_memset4                          0x000004b3   Thumb Code    16  aeabi_memset4.o(.text)
    __aeabi_memset8                          0x000004b3   Thumb Code     0  aeabi_memset4.o(.text)
    __use_two_region_memory                  0x000004c3   Thumb Code     2  heapauxi.o(.text)
    __rt_heap_escrow$2region                 0x000004c5   Thumb Code     2  heapauxi.o(.text)
    __rt_heap_expand$2region                 0x000004c7   Thumb Code     2  heapauxi.o(.text)
    __aeabi_memcpy4                          0x000004c9   Thumb Code     0  rt_memcpy_w.o(.text)
    __aeabi_memcpy8                          0x000004c9   Thumb Code     0  rt_memcpy_w.o(.text)
    __rt_memcpy_w                            0x000004c9   Thumb Code   100  rt_memcpy_w.o(.text)
    _memcpy_lastbytes_aligned                0x00000511   Thumb Code     0  rt_memcpy_w.o(.text)
    __aeabi_memclr4                          0x0000052d   Thumb Code     0  rt_memclr_w.o(.text)
    __aeabi_memclr8                          0x0000052d   Thumb Code     0  rt_memclr_w.o(.text)
    __rt_memclr_w                            0x0000052d   Thumb Code     0  rt_memclr_w.o(.text)
    _memset_w                                0x00000531   Thumb Code    74  rt_memclr_w.o(.text)
    __user_setup_stackheap                   0x0000057b   Thumb Code    74  sys_stackheap_outer.o(.text)
    exit                                     0x000005c5   Thumb Code    18  exit.o(.text)
    __user_libspace                          0x000005d9   Thumb Code     8  libspace.o(.text)
    __user_perproc_libspace                  0x000005d9   Thumb Code     0  libspace.o(.text)
    __user_perthread_libspace                0x000005d9   Thumb Code     0  libspace.o(.text)
    _sys_exit                                0x000005e1   Thumb Code     8  sys_exit.o(.text)
    __I$use$semihosting                      0x000005ed   Thumb Code     0  use_no_semi.o(.text)
    __use_no_semihosting_swi                 0x000005ed   Thumb Code     2  use_no_semi.o(.text)
    __semihosting_library_function           0x000005ef   Thumb Code     0  indicate_semi.o(.text)
    ADC_init                                 0x000005f1   Thumb Code   266  main.o(.text.ADC_init)
    Actuating_E_W                            0x000006fd   Thumb Code   258  main.o(.text.Actuating_E_W)
    Actuating_N_S                            0x00000801   Thumb Code   262  main.o(.text.Actuating_N_S)
    PWM_init                                 0x00000909   Thumb Code   196  main.o(.text.PWM_init)
    PendSV_Handler                           0x000009d1   Thumb Code   100  port.o(.text.PendSV_Handler)
    Reading_E_W                              0x00000a35   Thumb Code   250  main.o(.text.Reading_E_W)
    Reading_N_S                              0x00000b31   Thumb Code   250  main.o(.text.Reading_N_S)
    SVC_Handler                              0x00000c31   Thumb Code    36  port.o(.text.SVC_Handler)
    SysTick_Handler                          0x00000c55   Thumb Code    60  port.o(.text.SysTick_Handler)
    SystemInit                               0x00000c91   Thumb Code   268  system_tm4c123.o(.text.SystemInit)
    eTaskConfirmSleepModeStatus              0x00000d9d   Thumb Code   128  tasks.o(.text.eTaskConfirmSleepModeStatus)
    main                                     0x00000e1d   Thumb Code   438  main.o(.text.main)
    pvPortMalloc                             0x00001e75   Thumb Code   192  heap_1.o(.text.pvPortMalloc)
    pvTaskIncrementMutexHeldCount            0x00001f35   Thumb Code    44  tasks.o(.text.pvTaskIncrementMutexHeldCount)
    pxPortInitialiseStack                    0x00001f61   Thumb Code    94  port.o(.text.pxPortInitialiseStack)
    servoazimuth                             0x00001fc1   Thumb Code    26  main.o(.text.servoazimuth)
    servotilt                                0x00001fdd   Thumb Code    26  main.o(.text.servotilt)
    uxListRemove                             0x00001ff9   Thumb Code    72  list.o(.text.uxListRemove)
    vListInitialise                          0x00002041   Thumb Code    46  list.o(.text.vListInitialise)
    vListInitialiseItem                      0x00002071   Thumb Code    14  list.o(.text.vListInitialiseItem)
    vListInsert                              0x00002081   Thumb Code   106  list.o(.text.vListInsert)
    vPortEnterCritical                       0x00002101   Thumb Code    86  port.o(.text.vPortEnterCritical)
    vPortExitCritical                        0x00002159   Thumb Code    74  port.o(.text.vPortExitCritical)
    vPortFree                                0x000021a5   Thumb Code    36  heap_1.o(.text.vPortFree)
    vPortSetupTimerInterrupt                 0x000021c9   Thumb Code   120  port.o(.text.vPortSetupTimerInterrupt)
    vPortSuppressTicksAndSleep               0x00002241   Thumb Code   524  port.o(.text.vPortSuppressTicksAndSleep)
    vQueueWaitForMessageRestricted           0x0000244d   Thumb Code   100  queue.o(.text.vQueueWaitForMessageRestricted)
    vTaskInternalSetTimeOutState             0x000024b1   Thumb Code    36  tasks.o(.text.vTaskInternalSetTimeOutState)
    vTaskMissedYield                         0x000024d5   Thumb Code    14  tasks.o(.text.vTaskMissedYield)
    vTaskPlaceOnEventList                    0x000024e5   Thumb Code    66  tasks.o(.text.vTaskPlaceOnEventList)
    vTaskPlaceOnEventListRestricted          0x00002529   Thumb Code   124  tasks.o(.text.vTaskPlaceOnEventListRestricted)
    vTaskPriorityDisinheritAfterTimeout      0x000025a5   Thumb Code   386  tasks.o(.text.vTaskPriorityDisinheritAfterTimeout)
    vTaskStartScheduler                      0x00002729   Thumb Code   188  tasks.o(.text.vTaskStartScheduler)
    vTaskStepTick                            0x000027e5   Thumb Code    76  tasks.o(.text.vTaskStepTick)
    vTaskSuspendAll                          0x00002831   Thumb Code    16  tasks.o(.text.vTaskSuspendAll)
    vTaskSwitchContext                       0x00002841   Thumb Code   190  tasks.o(.text.vTaskSwitchContext)
    xPortStartScheduler                      0x00002901   Thumb Code   342  port.o(.text.xPortStartScheduler)
    xQueueGenericCreate                      0x00002a59   Thumb Code   154  queue.o(.text.xQueueGenericCreate)
    xQueueGenericReset                       0x00002af5   Thumb Code   264  queue.o(.text.xQueueGenericReset)
    xQueueGenericSend                        0x00002bfd   Thumb Code   628  queue.o(.text.xQueueGenericSend)
    xQueueReceive                            0x00002e71   Thumb Code   476  queue.o(.text.xQueueReceive)
    xQueueSemaphoreTake                      0x0000304d   Thumb Code   556  queue.o(.text.xQueueSemaphoreTake)
    xTaskCheckForTimeOut                     0x00003279   Thumb Code   252  tasks.o(.text.xTaskCheckForTimeOut)
    xTaskCreate                              0x00003375   Thumb Code   152  tasks.o(.text.xTaskCreate)
    xTaskGetSchedulerState                   0x0000340d   Thumb Code    56  tasks.o(.text.xTaskGetSchedulerState)
    xTaskGetTickCount                        0x00003445   Thumb Code    20  tasks.o(.text.xTaskGetTickCount)
    xTaskIncrementTick                       0x00003459   Thumb Code   608  tasks.o(.text.xTaskIncrementTick)
    xTaskPriorityDisinherit                  0x000036b9   Thumb Code   312  tasks.o(.text.xTaskPriorityDisinherit)
    xTaskPriorityInherit                     0x000037f1   Thumb Code   348  tasks.o(.text.xTaskPriorityInherit)
    xTaskRemoveFromEventList                 0x0000394d   Thumb Code   402  tasks.o(.text.xTaskRemoveFromEventList)
    xTaskResumeAll                           0x00003ae1   Thumb Code   546  tasks.o(.text.xTaskResumeAll)
    xTimerCreateTimerTask                    0x00003d05   Thumb Code   108  timers.o(.text.xTimerCreateTimerTask)
    ADCIntClear                              0x00003d71   Thumb Code    10  adc.o(i.ADCIntClear)
    ADCIntStatus                             0x00003d7b   Thumb Code    52  adc.o(i.ADCIntStatus)
    ADCProcessorTrigger                      0x00003daf   Thumb Code    26  adc.o(i.ADCProcessorTrigger)
    ADCSequenceConfigure                     0x00003dc9   Thumb Code    96  adc.o(i.ADCSequenceConfigure)
    ADCSequenceDataGet                       0x00003e29   Thumb Code    36  adc.o(i.ADCSequenceDataGet)
    ADCSequenceEnable                        0x00003e4d   Thumb Code    14  adc.o(i.ADCSequenceEnable)
    ADCSequenceStepConfigure                 0x00003e5b   Thumb Code   154  adc.o(i.ADCSequenceStepConfigure)
    GPIODirModeSet                           0x00003ef5   Thumb Code    40  gpio.o(i.GPIODirModeSet)
    GPIOPadConfigSet                         0x00003f1d   Thumb Code   354  gpio.o(i.GPIOPadConfigSet)
    GPIOPinConfigure                         0x0000408d   Thumb Code    60  gpio.o(i.GPIOPinConfigure)
    GPIOPinTypeADC                           0x000040d1   Thumb Code    28  gpio.o(i.GPIOPinTypeADC)
    GPIOPinTypePWM                           0x000040ed   Thumb Code    28  gpio.o(i.GPIOPinTypePWM)
    PWMGenConfigure                          0x00004109   Thumb Code    38  pwm.o(i.PWMGenConfigure)
    PWMGenEnable                             0x0000412f   Thumb Code    10  pwm.o(i.PWMGenEnable)
    PWMGenPeriodSet                          0x00004139   Thumb Code    18  pwm.o(i.PWMGenPeriodSet)
    PWMOutputState                           0x0000414b   Thumb Code    16  pwm.o(i.PWMOutputState)
    PWMPulseWidthSet                         0x0000415b   Thumb Code    32  pwm.o(i.PWMPulseWidthSet)
    SysCtlClockSet                           0x0000417d   Thumb Code   270  sysctl.o(i.SysCtlClockSet)
    SysCtlPWMClockSet                        0x0000429d   Thumb Code    14  sysctl.o(i.SysCtlPWMClockSet)
    SysCtlPeripheralEnable                   0x000042b1   Thumb Code    36  sysctl.o(i.SysCtlPeripheralEnable)
    _fp_init                                 0x000042d9   Thumb Code    26  fpinit.o(x$fpl$fpinit)
    __fplib_config_fpu_vfp                   0x000042f1   Thumb Code     0  fpinit.o(x$fpl$fpinit)
    __fplib_config_pureend_doubles           0x000042f1   Thumb Code     0  fpinit.o(x$fpl$fpinit)
    uxTopUsedPriority                        0x0000457c   Data           4  tasks.o(.rodata.uxTopUsedPriority)
    Region$$Table$$Base                      0x00004580   Number         0  anon$$obj.o(Region$$Table)
    Region$$Table$$Limit                     0x000045a0   Number         0  anon$$obj.o(Region$$Table)
    SystemCoreClock                          0x20000000   Data           4  system_tm4c123.o(.data.SystemCoreClock)
    servoazimuth_val                         0x20000004   Data           4  main.o(.data.servoazimuth_val)
    servotilt_val                            0x20000008   Data           4  main.o(.data.servotilt_val)
    __libspace_start                         0x20000010   Data          96  libspace.o(.bss)
    __temporary_stack_top$libspace           0x20000070   Data           0  libspace.o(.bss)
    botl                                     0x20000070   Data           4  main.o(.bss.botl)
    botr                                     0x20000074   Data           4  main.o(.bss.botr)
    pui32ADC0_s1_Value                       0x2000007c   Data          16  main.o(.bss.pui32ADC0_s1_Value)
    pui32ADC0_s2_Value                       0x2000008c   Data          16  main.o(.bss.pui32ADC0_s2_Value)
    pui32ADC0_s3_Value                       0x2000009c   Data          16  main.o(.bss.pui32ADC0_s3_Value)
    pui32ADC0_s4_Value                       0x200000ac   Data          16  main.o(.bss.pui32ADC0_s4_Value)
    pxCurrentTCB                             0x200000c0   Data           4  tasks.o(.bss.pxCurrentTCB)
    topl                                     0x20000138   Data           4  main.o(.bss.topl)
    topr                                     0x2000013c   Data           4  main.o(.bss.topr)
    wBinarySemaphore                         0x20004164   Data           4  main.o(.bss.wBinarySemaphore)
    xBinarySemaphore                         0x20004190   Data           4  main.o(.bss.xBinarySemaphore)
    yBinarySemaphore                         0x20004224   Data           4  main.o(.bss.yBinarySemaphore)
    zBinarySemaphore                         0x20004228   Data           4  main.o(.bss.zBinarySemaphore)



==============================================================================

Memory Map of the image

  Image Entry point : 0x00000315

  Load Region LR_IROM1 (Base: 0x00000000, Size: 0x000045b0, Max: 0x00040000, ABSOLUTE)

    Execution Region ER_IROM1 (Exec base: 0x00000000, Load base: 0x00000000, Size: 0x000045a0, Max: 0x00040000, ABSOLUTE)

    Exec Addr    Load Addr    Size         Type   Attr      Idx    E Section Name        Object

    0x00000000   0x00000000   0x0000026c   Data   RO           44    RESET               startup_tm4c123.o
    0x0000026c   0x0000026c   0x00000008   Code   RO         1775  * !!!main             c_w.l(__main.o)
    0x00000274   0x00000274   0x00000034   Code   RO         1944    !!!scatter          c_w.l(__scatter.o)
    0x000002a8   0x000002a8   0x0000001a   Code   RO         1946    !!handler_copy      c_w.l(__scatter_copy.o)
    0x000002c2   0x000002c2   0x00000002   PAD
    0x000002c4   0x000002c4   0x0000001c   Code   RO         1948    !!handler_zi        c_w.l(__scatter_zi.o)
    0x000002e0   0x000002e0   0x00000002   Code   RO         1806    .ARM.Collect$$libinit$$00000000  c_w.l(libinit.o)
    0x000002e2   0x000002e2   0x00000004   Code   RO         1812    .ARM.Collect$$libinit$$00000001  c_w.l(libinit2.o)
    0x000002e6   0x000002e6   0x00000000   Code   RO         1815    .ARM.Collect$$libinit$$00000004  c_w.l(libinit2.o)
    0x000002e6   0x000002e6   0x00000000   Code   RO         1817    .ARM.Collect$$libinit$$00000006  c_w.l(libinit2.o)
    0x000002e6   0x000002e6   0x00000000   Code   RO         1820    .ARM.Collect$$libinit$$0000000C  c_w.l(libinit2.o)
    0x000002e6   0x000002e6   0x00000000   Code   RO         1822    .ARM.Collect$$libinit$$0000000E  c_w.l(libinit2.o)
    0x000002e6   0x000002e6   0x00000000   Code   RO         1824    .ARM.Collect$$libinit$$00000010  c_w.l(libinit2.o)
    0x000002e6   0x000002e6   0x00000000   Code   RO         1827    .ARM.Collect$$libinit$$00000013  c_w.l(libinit2.o)
    0x000002e6   0x000002e6   0x00000000   Code   RO         1829    .ARM.Collect$$libinit$$00000015  c_w.l(libinit2.o)
    0x000002e6   0x000002e6   0x00000000   Code   RO         1831    .ARM.Collect$$libinit$$00000017  c_w.l(libinit2.o)
    0x000002e6   0x000002e6   0x00000000   Code   RO         1833    .ARM.Collect$$libinit$$00000019  c_w.l(libinit2.o)
    0x000002e6   0x000002e6   0x00000000   Code   RO         1835    .ARM.Collect$$libinit$$0000001B  c_w.l(libinit2.o)
    0x000002e6   0x000002e6   0x00000000   Code   RO         1837    .ARM.Collect$$libinit$$0000001D  c_w.l(libinit2.o)
    0x000002e6   0x000002e6   0x00000000   Code   RO         1839    .ARM.Collect$$libinit$$0000001F  c_w.l(libinit2.o)
    0x000002e6   0x000002e6   0x00000000   Code   RO         1841    .ARM.Collect$$libinit$$00000021  c_w.l(libinit2.o)
    0x000002e6   0x000002e6   0x00000000   Code   RO         1843    .ARM.Collect$$libinit$$00000023  c_w.l(libinit2.o)
    0x000002e6   0x000002e6   0x00000000   Code   RO         1845    .ARM.Collect$$libinit$$00000025  c_w.l(libinit2.o)
    0x000002e6   0x000002e6   0x00000000   Code   RO         1847    .ARM.Collect$$libinit$$00000027  c_w.l(libinit2.o)
    0x000002e6   0x000002e6   0x00000000   Code   RO         1851    .ARM.Collect$$libinit$$0000002E  c_w.l(libinit2.o)
    0x000002e6   0x000002e6   0x00000000   Code   RO         1853    .ARM.Collect$$libinit$$00000030  c_w.l(libinit2.o)
    0x000002e6   0x000002e6   0x00000000   Code   RO         1855    .ARM.Collect$$libinit$$00000032  c_w.l(libinit2.o)
    0x000002e6   0x000002e6   0x00000000   Code   RO         1857    .ARM.Collect$$libinit$$00000034  c_w.l(libinit2.o)
    0x000002e6   0x000002e6   0x00000002   Code   RO         1858    .ARM.Collect$$libinit$$00000035  c_w.l(libinit2.o)
    0x000002e8   0x000002e8   0x00000002   Code   RO         1880    .ARM.Collect$$libshutdown$$00000000  c_w.l(libshutdown.o)
    0x000002ea   0x000002ea   0x00000000   Code   RO         1895    .ARM.Collect$$libshutdown$$00000002  c_w.l(libshutdown2.o)
    0x000002ea   0x000002ea   0x00000000   Code   RO         1897    .ARM.Collect$$libshutdown$$00000004  c_w.l(libshutdown2.o)
    0x000002ea   0x000002ea   0x00000000   Code   RO         1900    .ARM.Collect$$libshutdown$$00000007  c_w.l(libshutdown2.o)
    0x000002ea   0x000002ea   0x00000000   Code   RO         1903    .ARM.Collect$$libshutdown$$0000000A  c_w.l(libshutdown2.o)
    0x000002ea   0x000002ea   0x00000000   Code   RO         1905    .ARM.Collect$$libshutdown$$0000000C  c_w.l(libshutdown2.o)
    0x000002ea   0x000002ea   0x00000000   Code   RO         1908    .ARM.Collect$$libshutdown$$0000000F  c_w.l(libshutdown2.o)
    0x000002ea   0x000002ea   0x00000002   Code   RO         1909    .ARM.Collect$$libshutdown$$00000010  c_w.l(libshutdown2.o)
    0x000002ec   0x000002ec   0x00000000   Code   RO         1777    .ARM.Collect$$rtentry$$00000000  c_w.l(__rtentry.o)
    0x000002ec   0x000002ec   0x00000000   Code   RO         1783    .ARM.Collect$$rtentry$$00000002  c_w.l(__rtentry2.o)
    0x000002ec   0x000002ec   0x00000006   Code   RO         1795    .ARM.Collect$$rtentry$$00000004  c_w.l(__rtentry4.o)
    0x000002f2   0x000002f2   0x00000000   Code   RO         1785    .ARM.Collect$$rtentry$$00000009  c_w.l(__rtentry2.o)
    0x000002f2   0x000002f2   0x00000004   Code   RO         1786    .ARM.Collect$$rtentry$$0000000A  c_w.l(__rtentry2.o)
    0x000002f6   0x000002f6   0x00000000   Code   RO         1788    .ARM.Collect$$rtentry$$0000000C  c_w.l(__rtentry2.o)
    0x000002f6   0x000002f6   0x00000008   Code   RO         1789    .ARM.Collect$$rtentry$$0000000D  c_w.l(__rtentry2.o)
    0x000002fe   0x000002fe   0x00000002   Code   RO         1810    .ARM.Collect$$rtexit$$00000000  c_w.l(rtexit.o)
    0x00000300   0x00000300   0x00000000   Code   RO         1860    .ARM.Collect$$rtexit$$00000002  c_w.l(rtexit2.o)
    0x00000300   0x00000300   0x00000004   Code   RO         1861    .ARM.Collect$$rtexit$$00000003  c_w.l(rtexit2.o)
    0x00000304   0x00000304   0x00000006   Code   RO         1862    .ARM.Collect$$rtexit$$00000004  c_w.l(rtexit2.o)
    0x0000030a   0x0000030a   0x00000002   PAD
    0x0000030c   0x0000030c   0x00000006   Code   RO         1291    .emb_text           driverlib.lib(sysctl.o)
    0x00000312   0x00000312   0x00000002   PAD
    0x00000314   0x00000314   0x00000114   Code   RO           45  * .text               startup_tm4c123.o
    0x00000428   0x00000428   0x0000008a   Code   RO         1769    .text               c_w.l(rt_memcpy_v6.o)
    0x000004b2   0x000004b2   0x00000010   Code   RO         1771    .text               c_w.l(aeabi_memset4.o)
    0x000004c2   0x000004c2   0x00000006   Code   RO         1773    .text               c_w.l(heapauxi.o)
    0x000004c8   0x000004c8   0x00000064   Code   RO         1778    .text               c_w.l(rt_memcpy_w.o)
    0x0000052c   0x0000052c   0x0000004e   Code   RO         1780    .text               c_w.l(rt_memclr_w.o)
    0x0000057a   0x0000057a   0x0000004a   Code   RO         1797    .text               c_w.l(sys_stackheap_outer.o)
    0x000005c4   0x000005c4   0x00000012   Code   RO         1799    .text               c_w.l(exit.o)
    0x000005d6   0x000005d6   0x00000002   PAD
    0x000005d8   0x000005d8   0x00000008   Code   RO         1807    .text               c_w.l(libspace.o)
    0x000005e0   0x000005e0   0x0000000c   Code   RO         1870    .text               c_w.l(sys_exit.o)
    0x000005ec   0x000005ec   0x00000002   Code   RO         1885    .text               c_w.l(use_no_semi.o)
    0x000005ee   0x000005ee   0x00000000   Code   RO         1887    .text               c_w.l(indicate_semi.o)
    0x000005ee   0x000005ee   0x00000002   PAD
    0x000005f0   0x000005f0   0x0000010a   Code   RO            4    .text.ADC_init      main.o
    0x000006fa   0x000006fa   0x00000002   PAD
    0x000006fc   0x000006fc   0x00000102   Code   RO           10    .text.Actuating_E_W  main.o
    0x000007fe   0x000007fe   0x00000002   PAD
    0x00000800   0x00000800   0x00000106   Code   RO           14    .text.Actuating_N_S  main.o
    0x00000906   0x00000906   0x00000002   PAD
    0x00000908   0x00000908   0x000000c4   Code   RO            2    .text.PWM_init      main.o
    0x000009cc   0x000009cc   0x00000004   PAD
    0x000009d0   0x000009d0   0x00000064   Code   RO          104    .text.PendSV_Handler  port.o
    0x00000a34   0x00000a34   0x000000fa   Code   RO            6    .text.Reading_E_W   main.o
    0x00000b2e   0x00000b2e   0x00000002   PAD
    0x00000b30   0x00000b30   0x000000fa   Code   RO            8    .text.Reading_N_S   main.o
    0x00000c2a   0x00000c2a   0x00000006   PAD
    0x00000c30   0x00000c30   0x00000024   Code   RO           88    .text.SVC_Handler   port.o
    0x00000c54   0x00000c54   0x0000003c   Code   RO          106    .text.SysTick_Handler  port.o
    0x00000c90   0x00000c90   0x0000010c   Code   RO           56    .text.SystemInit    system_tm4c123.o
    0x00000d9c   0x00000d9c   0x00000080   Code   RO          324    .text.eTaskConfirmSleepModeStatus  tasks.o
    0x00000e1c   0x00000e1c   0x000001b6   Code   RO           18    .text.main          main.o
    0x00000fd2   0x00000fd2   0x00000002   PAD
    0x00000fd4   0x00000fd4   0x00000122   Code   RO          246    .text.prvAddCurrentTaskToDelayedList  tasks.o
    0x000010f6   0x000010f6   0x00000002   PAD
    0x000010f8   0x000010f8   0x00000154   Code   RO          234    .text.prvAddNewTaskToReadyList  tasks.o
    0x0000124c   0x0000124c   0x0000006a   Code   RO          400    .text.prvCheckForValidListAndQueue  timers.o
    0x000012b6   0x000012b6   0x00000002   PAD
    0x000012b8   0x000012b8   0x0000005a   Code   RO          364    .text.prvCheckTasksWaitingTermination  tasks.o
    0x00001312   0x00001312   0x00000002   PAD
    0x00001314   0x00001314   0x00000042   Code   RO          181    .text.prvCopyDataFromQueue  queue.o
    0x00001356   0x00001356   0x00000002   PAD
    0x00001358   0x00001358   0x000000cc   Code   RO          167    .text.prvCopyDataToQueue  queue.o
    0x00001424   0x00001424   0x00000018   Code   RO          240    .text.prvDeleteTCB  tasks.o
    0x0000143c   0x0000143c   0x00000026   Code   RO          185    .text.prvGetDisinheritPriorityAfterTimeout  queue.o
    0x00001462   0x00001462   0x00000002   PAD
    0x00001464   0x00001464   0x0000007c   Code   RO          366    .text.prvGetExpectedIdleTime  tasks.o
    0x000014e0   0x000014e0   0x00000040   Code   RO          436    .text.prvGetNextExpireTime  timers.o
    0x00001520   0x00001520   0x0000009a   Code   RO          272    .text.prvIdleTask   tasks.o
    0x000015ba   0x000015ba   0x00000002   PAD
    0x000015bc   0x000015bc   0x0000004e   Code   RO          147    .text.prvInitialiseNewQueue  queue.o
    0x0000160a   0x0000160a   0x00000002   PAD
    0x0000160c   0x0000160c   0x00000146   Code   RO          232    .text.prvInitialiseNewTask  tasks.o
    0x00001752   0x00001752   0x00000002   PAD
    0x00001754   0x00001754   0x0000008e   Code   RO          362    .text.prvInitialiseTaskLists  tasks.o
    0x000017e2   0x000017e2   0x00000002   PAD
    0x000017e4   0x000017e4   0x00000086   Code   RO          450    .text.prvInsertTimerInActiveList  timers.o
    0x0000186a   0x0000186a   0x00000002   PAD
    0x0000186c   0x0000186c   0x00000028   Code   RO          183    .text.prvIsQueueEmpty  queue.o
    0x00001894   0x00001894   0x0000002e   Code   RO          171    .text.prvIsQueueFull  queue.o
    0x000018c2   0x000018c2   0x00000002   PAD
    0x000018c4   0x000018c4   0x000000d8   Code   RO          169    .text.prvNotifyQueueSetContainer  queue.o
    0x0000199c   0x0000199c   0x00000028   Code   RO           96    .text.prvPortStartFirstTask  port.o
    0x000019c4   0x000019c4   0x00000054   Code   RO          444    .text.prvProcessExpiredTimer  timers.o
    0x00001a18   0x00001a18   0x00000180   Code   RO          440    .text.prvProcessReceivedCommands  timers.o
    0x00001b98   0x00001b98   0x0000009a   Code   RO          438    .text.prvProcessTimerOrBlockTask  timers.o
    0x00001c32   0x00001c32   0x00000002   PAD
    0x00001c34   0x00001c34   0x00000034   Code   RO          448    .text.prvReloadTimer  timers.o
    0x00001c68   0x00001c68   0x0000003c   Code   RO          238    .text.prvResetNextTaskUnblockTime  tasks.o
    0x00001ca4   0x00001ca4   0x00000044   Code   RO          442    .text.prvSampleTimeNow  timers.o
    0x00001ce8   0x00001ce8   0x00000052   Code   RO          446    .text.prvSwitchTimerLists  timers.o
    0x00001d3a   0x00001d3a   0x00000002   PAD
    0x00001d3c   0x00001d3c   0x0000004c   Code   RO           86    .text.prvTaskExitError  port.o
    0x00001d88   0x00001d88   0x0000001e   Code   RO          402    .text.prvTimerTask  timers.o
    0x00001da6   0x00001da6   0x00000002   PAD
    0x00001da8   0x00001da8   0x000000cc   Code   RO          173    .text.prvUnlockQueue  queue.o
    0x00001e74   0x00001e74   0x000000c0   Code   RO          125    .text.pvPortMalloc  heap_1.o
    0x00001f34   0x00001f34   0x0000002c   Code   RO          346    .text.pvTaskIncrementMutexHeldCount  tasks.o
    0x00001f60   0x00001f60   0x0000005e   Code   RO           84    .text.pxPortInitialiseStack  port.o
    0x00001fbe   0x00001fbe   0x00000002   PAD
    0x00001fc0   0x00001fc0   0x0000001a   Code   RO           12    .text.servoazimuth  main.o
    0x00001fda   0x00001fda   0x00000002   PAD
    0x00001fdc   0x00001fdc   0x0000001a   Code   RO           16    .text.servotilt     main.o
    0x00001ff6   0x00001ff6   0x00000002   PAD
    0x00001ff8   0x00001ff8   0x00000048   Code   RO           75    .text.uxListRemove  list.o
    0x00002040   0x00002040   0x0000002e   Code   RO           67    .text.vListInitialise  list.o
    0x0000206e   0x0000206e   0x00000002   PAD
    0x00002070   0x00002070   0x0000000e   Code   RO           69    .text.vListInitialiseItem  list.o
    0x0000207e   0x0000207e   0x00000002   PAD
    0x00002080   0x00002080   0x0000006a   Code   RO           73    .text.vListInsert   list.o
    0x000020ea   0x000020ea   0x00000002   PAD
    0x000020ec   0x000020ec   0x00000014   Code   RO           94    .text.vPortEnableVFP  port.o
    0x00002100   0x00002100   0x00000056   Code   RO          100    .text.vPortEnterCritical  port.o
    0x00002156   0x00002156   0x00000002   PAD
    0x00002158   0x00002158   0x0000004a   Code   RO          102    .text.vPortExitCritical  port.o
    0x000021a2   0x000021a2   0x00000002   PAD
    0x000021a4   0x000021a4   0x00000024   Code   RO          127    .text.vPortFree     heap_1.o
    0x000021c8   0x000021c8   0x00000078   Code   RO           92    .text.vPortSetupTimerInterrupt  port.o
    0x00002240   0x00002240   0x0000020c   Code   RO          108    .text.vPortSuppressTicksAndSleep  port.o
    0x0000244c   0x0000244c   0x00000064   Code   RO          211    .text.vQueueWaitForMessageRestricted  queue.o
    0x000024b0   0x000024b0   0x00000024   Code   RO          314    .text.vTaskInternalSetTimeOutState  tasks.o
    0x000024d4   0x000024d4   0x0000000e   Code   RO          318    .text.vTaskMissedYield  tasks.o
    0x000024e2   0x000024e2   0x00000002   PAD
    0x000024e4   0x000024e4   0x00000042   Code   RO          302    .text.vTaskPlaceOnEventList  tasks.o
    0x00002526   0x00002526   0x00000002   PAD
    0x00002528   0x00002528   0x0000007c   Code   RO          306    .text.vTaskPlaceOnEventListRestricted  tasks.o
    0x000025a4   0x000025a4   0x00000182   Code   RO          342    .text.vTaskPriorityDisinheritAfterTimeout  tasks.o
    0x00002726   0x00002726   0x00000002   PAD
    0x00002728   0x00002728   0x000000bc   Code   RO          270    .text.vTaskStartScheduler  tasks.o
    0x000027e4   0x000027e4   0x0000004c   Code   RO          296    .text.vTaskStepTick  tasks.o
    0x00002830   0x00002830   0x00000010   Code   RO          244    .text.vTaskSuspendAll  tasks.o
    0x00002840   0x00002840   0x000000be   Code   RO          262    .text.vTaskSwitchContext  tasks.o
    0x000028fe   0x000028fe   0x00000002   PAD
    0x00002900   0x00002900   0x00000156   Code   RO           90    .text.xPortStartScheduler  port.o
    0x00002a56   0x00002a56   0x00000002   PAD
    0x00002a58   0x00002a58   0x0000009a   Code   RO          145    .text.xQueueGenericCreate  queue.o
    0x00002af2   0x00002af2   0x00000002   PAD
    0x00002af4   0x00002af4   0x00000108   Code   RO          143    .text.xQueueGenericReset  queue.o
    0x00002bfc   0x00002bfc   0x00000274   Code   RO          159    .text.xQueueGenericSend  queue.o
    0x00002e70   0x00002e70   0x000001dc   Code   RO          179    .text.xQueueReceive  queue.o
    0x0000304c   0x0000304c   0x0000022c   Code   RO          163    .text.xQueueSemaphoreTake  queue.o
    0x00003278   0x00003278   0x000000fc   Code   RO          316    .text.xTaskCheckForTimeOut  tasks.o
    0x00003374   0x00003374   0x00000098   Code   RO          230    .text.xTaskCreate   tasks.o
    0x0000340c   0x0000340c   0x00000038   Code   RO          336    .text.xTaskGetSchedulerState  tasks.o
    0x00003444   0x00003444   0x00000014   Code   RO          278    .text.xTaskGetTickCount  tasks.o
    0x00003458   0x00003458   0x00000260   Code   RO          276    .text.xTaskIncrementTick  tasks.o
    0x000036b8   0x000036b8   0x00000138   Code   RO          340    .text.xTaskPriorityDisinherit  tasks.o
    0x000037f0   0x000037f0   0x0000015c   Code   RO          338    .text.xTaskPriorityInherit  tasks.o
    0x0000394c   0x0000394c   0x00000192   Code   RO          308    .text.xTaskRemoveFromEventList  tasks.o
    0x00003ade   0x00003ade   0x00000002   PAD
    0x00003ae0   0x00003ae0   0x00000222   Code   RO          248    .text.xTaskResumeAll  tasks.o
    0x00003d02   0x00003d02   0x00000002   PAD
    0x00003d04   0x00003d04   0x0000006c   Code   RO          398    .text.xTimerCreateTimerTask  timers.o
    0x00003d70   0x00003d70   0x0000000a   Code   RO          477    i.ADCIntClear       driverlib.lib(adc.o)
    0x00003d7a   0x00003d7a   0x00000034   Code   RO          484    i.ADCIntStatus      driverlib.lib(adc.o)
    0x00003dae   0x00003dae   0x0000001a   Code   RO          489    i.ADCProcessorTrigger  driverlib.lib(adc.o)
    0x00003dc8   0x00003dc8   0x00000060   Code   RO          492    i.ADCSequenceConfigure  driverlib.lib(adc.o)
    0x00003e28   0x00003e28   0x00000024   Code   RO          495    i.ADCSequenceDataGet  driverlib.lib(adc.o)
    0x00003e4c   0x00003e4c   0x0000000e   Code   RO          497    i.ADCSequenceEnable  driverlib.lib(adc.o)
    0x00003e5a   0x00003e5a   0x0000009a   Code   RO          500    i.ADCSequenceStepConfigure  driverlib.lib(adc.o)
    0x00003ef4   0x00003ef4   0x00000028   Code   RO          750    i.GPIODirModeSet    driverlib.lib(gpio.o)
    0x00003f1c   0x00003f1c   0x00000170   Code   RO          762    i.GPIOPadConfigSet  driverlib.lib(gpio.o)
    0x0000408c   0x0000408c   0x00000044   Code   RO          763    i.GPIOPinConfigure  driverlib.lib(gpio.o)
    0x000040d0   0x000040d0   0x0000001c   Code   RO          765    i.GPIOPinTypeADC    driverlib.lib(gpio.o)
    0x000040ec   0x000040ec   0x0000001c   Code   RO          781    i.GPIOPinTypePWM    driverlib.lib(gpio.o)
    0x00004108   0x00004108   0x00000026   Code   RO         1066    i.PWMGenConfigure   driverlib.lib(pwm.o)
    0x0000412e   0x0000412e   0x0000000a   Code   RO         1068    i.PWMGenEnable      driverlib.lib(pwm.o)
    0x00004138   0x00004138   0x00000012   Code   RO         1081    i.PWMGenPeriodSet   driverlib.lib(pwm.o)
    0x0000414a   0x0000414a   0x00000010   Code   RO         1088    i.PWMOutputState    driverlib.lib(pwm.o)
    0x0000415a   0x0000415a   0x00000020   Code   RO         1091    i.PWMPulseWidthSet  driverlib.lib(pwm.o)
    0x0000417a   0x0000417a   0x00000002   PAD
    0x0000417c   0x0000417c   0x00000120   Code   RO         1296    i.SysCtlClockSet    driverlib.lib(sysctl.o)
    0x0000429c   0x0000429c   0x00000014   Code   RO         1320    i.SysCtlPWMClockSet  driverlib.lib(sysctl.o)
    0x000042b0   0x000042b0   0x00000028   Code   RO         1325    i.SysCtlPeripheralEnable  driverlib.lib(sysctl.o)
    0x000042d8   0x000042d8   0x0000001a   Code   RO         1868    x$fpl$fpinit        fz_wm.l(fpinit.o)
    0x000042f2   0x000042f2   0x00000002   PAD
    0x000042f4   0x000042f4   0x00000228   Data   RO          795    .constdata          driverlib.lib(gpio.o)
    0x0000451c   0x0000451c   0x00000050   Data   RO           34    .rodata.str1.1      main.o
    0x0000456c   0x0000456c   0x00000005   Data   RO          384    .rodata.str1.1      tasks.o
    0x00004571   0x00004571   0x00000008   Data   RO          453    .rodata.str1.1      timers.o
    0x00004579   0x00004579   0x00000003   PAD
    0x0000457c   0x0000457c   0x00000004   Data   RO          369    .rodata.uxTopUsedPriority  tasks.o
    0x00004580   0x00004580   0x00000020   Data   RO         1943    Region$$Table       anon$$obj.o


    Execution Region RW_IRAM1 (Exec base: 0x20000000, Load base: 0x000045a0, Size: 0x00004430, Max: 0x00008000, ABSOLUTE)

    Exec Addr    Load Addr    Size         Type   Attr      Idx    E Section Name        Object

    0x20000000   0x000045a0   0x00000004   Data   RW           58    .data.SystemCoreClock  system_tm4c123.o
    0x20000004   0x000045a4   0x00000004   Data   RW           21    .data.servoazimuth_val  main.o
    0x20000008   0x000045a8   0x00000004   Data   RW           20    .data.servotilt_val  main.o
    0x2000000c   0x000045ac   0x00000004   Data   RW          114    .data.uxCriticalNesting  port.o
    0x20000010        -       0x00000060   Zero   RW         1808    .bss                c_w.l(libspace.o)
    0x20000070        -       0x00000004   Zero   RW           30    .bss.botl           main.o
    0x20000074        -       0x00000004   Zero   RW           31    .bss.botr           main.o
    0x20000078        -       0x00000004   Zero   RW          457    .bss.prvSampleTimeNow.xLastTime  timers.o
    0x2000007c        -       0x00000010   Zero   RW           23    .bss.pui32ADC0_s1_Value  main.o
    0x2000008c        -       0x00000010   Zero   RW           28    .bss.pui32ADC0_s2_Value  main.o
    0x2000009c        -       0x00000010   Zero   RW           24    .bss.pui32ADC0_s3_Value  main.o
    0x200000ac        -       0x00000010   Zero   RW           29    .bss.pui32ADC0_s4_Value  main.o
    0x200000bc        -       0x00000004   Zero   RW          133    .bss.pvPortMalloc.pucAlignedHeap  heap_1.o
    0x200000c0        -       0x00000004   Zero   RW          368    .bss.pxCurrentTCB   tasks.o
    0x200000c4        -       0x00000004   Zero   RW          455    .bss.pxCurrentTimerList  timers.o
    0x200000c8        -       0x00000004   Zero   RW          379    .bss.pxDelayedTaskList  tasks.o
    0x200000cc        -       0x00000004   Zero   RW          380    .bss.pxOverflowDelayedTaskList  tasks.o
    0x200000d0        -       0x00000004   Zero   RW          456    .bss.pxOverflowTimerList  timers.o
    0x200000d4        -       0x00000064   Zero   RW          370    .bss.pxReadyTasksLists  tasks.o
    0x20000138        -       0x00000004   Zero   RW           25    .bss.topl           main.o
    0x2000013c        -       0x00000004   Zero   RW           26    .bss.topr           main.o
    0x20000140        -       0x00004000   Zero   RW          134    .bss.ucHeap         heap_1.o
    0x20004140        -       0x00000001   Zero   RW          112    .bss.ucMaxSysCallPriority  port.o
    0x20004141   0x000045b0   0x00000003   PAD
    0x20004144        -       0x00000004   Zero   RW          113    .bss.ulMaxPRIGROUPValue  port.o
    0x20004148        -       0x00000004   Zero   RW          117    .bss.ulStoppedTimerCompensation  port.o
    0x2000414c        -       0x00000004   Zero   RW          116    .bss.ulTimerCountsForOneTick  port.o
    0x20004150        -       0x00000004   Zero   RW          375    .bss.uxCurrentNumberOfTasks  tasks.o
    0x20004154        -       0x00000004   Zero   RW          374    .bss.uxDeletedTasksWaitingCleanUp  tasks.o
    0x20004158        -       0x00000004   Zero   RW          377    .bss.uxSchedulerSuspended  tasks.o
    0x2000415c        -       0x00000004   Zero   RW          372    .bss.uxTaskNumber   tasks.o
    0x20004160        -       0x00000004   Zero   RW          371    .bss.uxTopReadyPriority  tasks.o
    0x20004164        -       0x00000004   Zero   RW           32    .bss.wBinarySemaphore  main.o
    0x20004168        -       0x00000014   Zero   RW          458    .bss.xActiveTimerList1  timers.o
    0x2000417c        -       0x00000014   Zero   RW          459    .bss.xActiveTimerList2  timers.o
    0x20004190        -       0x00000004   Zero   RW           33    .bss.xBinarySemaphore  main.o
    0x20004194        -       0x00000014   Zero   RW          389    .bss.xDelayedTaskList1  tasks.o
    0x200041a8        -       0x00000014   Zero   RW          390    .bss.xDelayedTaskList2  tasks.o
    0x200041bc        -       0x00000004   Zero   RW          385    .bss.xIdleTaskHandle  tasks.o
    0x200041c0        -       0x00000004   Zero   RW          115    .bss.xMaximumPossibleSuppressedTicks  port.o
    0x200041c4        -       0x00000004   Zero   RW          135    .bss.xNextFreeByte  heap_1.o
    0x200041c8        -       0x00000004   Zero   RW          386    .bss.xNextTaskUnblockTime  tasks.o
    0x200041cc        -       0x00000004   Zero   RW          388    .bss.xNumOfOverflows  tasks.o
    0x200041d0        -       0x00000004   Zero   RW          387    .bss.xPendedTicks   tasks.o
    0x200041d4        -       0x00000014   Zero   RW          383    .bss.xPendingReadyList  tasks.o
    0x200041e8        -       0x00000004   Zero   RW          376    .bss.xSchedulerRunning  tasks.o
    0x200041ec        -       0x00000014   Zero   RW          381    .bss.xSuspendedTaskList  tasks.o
    0x20004200        -       0x00000014   Zero   RW          373    .bss.xTasksWaitingTermination  tasks.o
    0x20004214        -       0x00000004   Zero   RW          378    .bss.xTickCount     tasks.o
    0x20004218        -       0x00000004   Zero   RW          452    .bss.xTimerQueue    timers.o
    0x2000421c        -       0x00000004   Zero   RW          454    .bss.xTimerTaskHandle  timers.o
    0x20004220        -       0x00000004   Zero   RW          382    .bss.xYieldPending  tasks.o
    0x20004224        -       0x00000004   Zero   RW           22    .bss.yBinarySemaphore  main.o
    0x20004228        -       0x00000004   Zero   RW           27    .bss.zBinarySemaphore  main.o
    0x2000422c   0x000045b0   0x00000004   PAD
    0x20004230        -       0x00000000   Zero   RW           43    HEAP                startup_tm4c123.o
    0x20004230        -       0x00000200   Zero   RW           42    STACK               startup_tm4c123.o


==============================================================================

Image component sizes


      Code (inc. data)   RO Data    RW Data    ZI Data      Debug   Object Name

       228          0          0          0      16392       1716   heap_1.o
       238          0          0          0          0       2303   list.o
      1972          0         80          8         96       3404   main.o
      1572         16          0          4         17       4842   port.o
      3070          0          0          0          0      16915   queue.o
       276         24        620          0        512       5464   startup_tm4c123.o
       268          0          0          4          0       6721   system_tm4c123.o
      5514          0          9          0        260      27117   tasks.o
      1266         10          8          0         60       9428   timers.o

    ----------------------------------------------------------------------
     14484         50        752         16      17344      77910   Object Totals
         0          0         32          0          0          0   (incl. Generated)
        80          0          3          0          7          0   (incl. Padding)

    ----------------------------------------------------------------------

      Code (inc. data)   RO Data    RW Data    ZI Data      Debug   Library Member Name

         8          0          0          0          0         68   __main.o
         0          0          0          0          0          0   __rtentry.o
        12          0          0          0          0          0   __rtentry2.o
         6          0          0          0          0          0   __rtentry4.o
        52          8          0          0          0          0   __scatter.o
        26          0          0          0          0          0   __scatter_copy.o
        28          0          0          0          0          0   __scatter_zi.o
        16          0          0          0          0         68   aeabi_memset4.o
        18          0          0          0          0         80   exit.o
         6          0          0          0          0        152   heapauxi.o
         0          0          0          0          0          0   indicate_semi.o
         2          0          0          0          0          0   libinit.o
         6          0          0          0          0          0   libinit2.o
         2          0          0          0          0          0   libshutdown.o
         2          0          0          0          0          0   libshutdown2.o
         8          4          0          0         96         68   libspace.o
        78          0          0          0          0         80   rt_memclr_w.o
       138          0          0          0          0         68   rt_memcpy_v6.o
       100          0          0          0          0         80   rt_memcpy_w.o
         2          0          0          0          0          0   rtexit.o
        10          0          0          0          0          0   rtexit2.o
        12          4          0          0          0         68   sys_exit.o
        74          0          0          0          0         80   sys_stackheap_outer.o
         2          0          0          0          0         68   use_no_semi.o
       388          0          0          0          0       9638   adc.o
       532         22        552          0          0       4117   gpio.o
       114          0          0          0          0       2639   pwm.o
       354         28          0          0          0       2226   sysctl.o
        26          0          0          0          0        116   fpinit.o

    ----------------------------------------------------------------------
      2036         66        552          0         96      19616   Library Totals
        14          0          0          0          0          0   (incl. Padding)

    ----------------------------------------------------------------------

      Code (inc. data)   RO Data    RW Data    ZI Data      Debug   Library Name

       608         16          0          0         96        880   c_w.l
      1388         50        552          0          0      18620   driverlib.lib
        26          0          0          0          0        116   fz_wm.l

    ----------------------------------------------------------------------
      2036         66        552          0         96      19616   Library Totals

    ----------------------------------------------------------------------

==============================================================================


      Code (inc. data)   RO Data    RW Data    ZI Data      Debug   

     16520        116       1304         16      17440      95322   Grand Totals
     16520        116       1304         16      17440      95322   ELF Image Totals
     16520        116       1304         16          0          0   ROM Totals

==============================================================================

    Total RO  Size (Code + RO Data)                17824 (  17.41kB)
    Total RW  Size (RW Data + ZI Data)             17456 (  17.05kB)
    Total ROM Size (Code + RO Data + RW Data)      17840 (  17.42kB)

==============================================================================

